
Optional file libmchp_peripheral.a not found

Optional file libmchp_peripheral_32MX320F128H.a not found
Archive member included because of file (symbol)

/opt/microchip/xc32/v1.42/bin/bin/../../lib/gcc/pic32mx/4.8.3/../../../../pic32mx/lib/libpic32.a(default-bootstrap-exception-handler.o)
                              /opt/microchip/xc32/v1.42/bin/bin/../../lib/gcc/pic32mx/4.8.3/../../../../pic32mx/lib/./proc/32MX320F128H/crt0_mips32r2.o (_bootstrap_exception_handler)
/opt/microchip/xc32/v1.42/bin/bin/../../lib/gcc/pic32mx/4.8.3/../../../../pic32mx/lib/libpic32.a(general-exception.o)
                              /opt/microchip/xc32/v1.42/bin/bin/../../lib/gcc/pic32mx/4.8.3/../../../../pic32mx/lib/./proc/32MX320F128H/crt0_mips32r2.o (_general_exception_context)
/opt/microchip/xc32/v1.42/bin/bin/../../lib/gcc/pic32mx/4.8.3/../../../../pic32mx/lib/libpic32.a(vector0.o)
                              /opt/microchip/xc32/v1.42/bin/bin/../../lib/gcc/pic32mx/4.8.3/../../../../pic32mx/lib/./proc/32MX320F128H/default_isr_vectors.o (__vector_dispatch_0)
/opt/microchip/xc32/v1.42/bin/bin/../../lib/gcc/pic32mx/4.8.3/../../../../pic32mx/lib/libpic32.a(vector1.o)
                              /opt/microchip/xc32/v1.42/bin/bin/../../lib/gcc/pic32mx/4.8.3/../../../../pic32mx/lib/./proc/32MX320F128H/default_isr_vectors.o (__vector_dispatch_1)
/opt/microchip/xc32/v1.42/bin/bin/../../lib/gcc/pic32mx/4.8.3/../../../../pic32mx/lib/libpic32.a(vector2.o)
                              /opt/microchip/xc32/v1.42/bin/bin/../../lib/gcc/pic32mx/4.8.3/../../../../pic32mx/lib/./proc/32MX320F128H/default_isr_vectors.o (__vector_dispatch_2)
/opt/microchip/xc32/v1.42/bin/bin/../../lib/gcc/pic32mx/4.8.3/../../../../pic32mx/lib/libpic32.a(vector3.o)
                              /opt/microchip/xc32/v1.42/bin/bin/../../lib/gcc/pic32mx/4.8.3/../../../../pic32mx/lib/./proc/32MX320F128H/default_isr_vectors.o (__vector_dispatch_3)
/opt/microchip/xc32/v1.42/bin/bin/../../lib/gcc/pic32mx/4.8.3/../../../../pic32mx/lib/libpic32.a(vector4.o)
                              /opt/microchip/xc32/v1.42/bin/bin/../../lib/gcc/pic32mx/4.8.3/../../../../pic32mx/lib/./proc/32MX320F128H/default_isr_vectors.o (__vector_dispatch_4)
/opt/microchip/xc32/v1.42/bin/bin/../../lib/gcc/pic32mx/4.8.3/../../../../pic32mx/lib/libpic32.a(vector5.o)
                              /opt/microchip/xc32/v1.42/bin/bin/../../lib/gcc/pic32mx/4.8.3/../../../../pic32mx/lib/./proc/32MX320F128H/default_isr_vectors.o (__vector_dispatch_5)
/opt/microchip/xc32/v1.42/bin/bin/../../lib/gcc/pic32mx/4.8.3/../../../../pic32mx/lib/libpic32.a(vector6.o)
                              /opt/microchip/xc32/v1.42/bin/bin/../../lib/gcc/pic32mx/4.8.3/../../../../pic32mx/lib/./proc/32MX320F128H/default_isr_vectors.o (__vector_dispatch_6)
/opt/microchip/xc32/v1.42/bin/bin/../../lib/gcc/pic32mx/4.8.3/../../../../pic32mx/lib/libpic32.a(vector7.o)
                              /opt/microchip/xc32/v1.42/bin/bin/../../lib/gcc/pic32mx/4.8.3/../../../../pic32mx/lib/./proc/32MX320F128H/default_isr_vectors.o (__vector_dispatch_7)
/opt/microchip/xc32/v1.42/bin/bin/../../lib/gcc/pic32mx/4.8.3/../../../../pic32mx/lib/libpic32.a(vector8.o)
                              /opt/microchip/xc32/v1.42/bin/bin/../../lib/gcc/pic32mx/4.8.3/../../../../pic32mx/lib/./proc/32MX320F128H/default_isr_vectors.o (__vector_dispatch_8)
/opt/microchip/xc32/v1.42/bin/bin/../../lib/gcc/pic32mx/4.8.3/../../../../pic32mx/lib/libpic32.a(vector9.o)
                              /opt/microchip/xc32/v1.42/bin/bin/../../lib/gcc/pic32mx/4.8.3/../../../../pic32mx/lib/./proc/32MX320F128H/default_isr_vectors.o (__vector_dispatch_9)
/opt/microchip/xc32/v1.42/bin/bin/../../lib/gcc/pic32mx/4.8.3/../../../../pic32mx/lib/libpic32.a(vector10.o)
                              /opt/microchip/xc32/v1.42/bin/bin/../../lib/gcc/pic32mx/4.8.3/../../../../pic32mx/lib/./proc/32MX320F128H/default_isr_vectors.o (__vector_dispatch_10)
/opt/microchip/xc32/v1.42/bin/bin/../../lib/gcc/pic32mx/4.8.3/../../../../pic32mx/lib/libpic32.a(vector11.o)
                              /opt/microchip/xc32/v1.42/bin/bin/../../lib/gcc/pic32mx/4.8.3/../../../../pic32mx/lib/./proc/32MX320F128H/default_isr_vectors.o (__vector_dispatch_11)
/opt/microchip/xc32/v1.42/bin/bin/../../lib/gcc/pic32mx/4.8.3/../../../../pic32mx/lib/libpic32.a(vector12.o)
                              /opt/microchip/xc32/v1.42/bin/bin/../../lib/gcc/pic32mx/4.8.3/../../../../pic32mx/lib/./proc/32MX320F128H/default_isr_vectors.o (__vector_dispatch_12)
/opt/microchip/xc32/v1.42/bin/bin/../../lib/gcc/pic32mx/4.8.3/../../../../pic32mx/lib/libpic32.a(vector13.o)
                              /opt/microchip/xc32/v1.42/bin/bin/../../lib/gcc/pic32mx/4.8.3/../../../../pic32mx/lib/./proc/32MX320F128H/default_isr_vectors.o (__vector_dispatch_13)
/opt/microchip/xc32/v1.42/bin/bin/../../lib/gcc/pic32mx/4.8.3/../../../../pic32mx/lib/libpic32.a(vector14.o)
[...]
Memory Configuration

Name             Origin             Length             Attributes
kseg0_program_mem 0x9d000000         0x00020000         xr
kseg0_boot_mem   0x9fc00490         0x00000970
exception_mem    0x9fc01000         0x00001000
kseg1_boot_mem   0xbfc00000         0x00000490
debug_exec_mem   0xbfc02000         0x00000ff0
config3          0xbfc02ff0         0x00000004
config2          0xbfc02ff4         0x00000004
config1          0xbfc02ff8         0x00000004
config0          0xbfc02ffc         0x00000004
kseg1_data_mem   0xa0000000         0x00004000         w !x
sfrs             0xbf800000         0x00100000
configsfrs       0xbfc02ff0         0x00000010
*default*        0x00000000         0xffffffff

Linker script and memory map

LOAD /opt/microchip/xc32/v1.42/bin/bin/../../lib/gcc/pic32mx/4.8.3/../../../../pic32mx/lib/./proc/32MX320F128H/crt0_mips32r2.o
LOAD /opt/microchip/xc32/v1.42/bin/bin/../../lib/gcc/pic32mx/4.8.3/../../../../pic32mx/lib/debug-exception-return.o
LOAD build/default/production/main.o
LOAD build/default/production/labwork.o
LOAD build/default/production/mipslabdata.o
LOAD build/default/production/mipslabfunk.o
LOAD build/default/production/mipslabwork.o
LOAD build/default/production/vectors.o
LOAD build/default/production/stubs.o
LOAD build/default/production/OledFunc.o
                0x00000001                __MPLAB_BUILD = 0x1
LOAD /opt/microchip/xc32/v1.42/bin/bin/../../lib/gcc/pic32mx/4.8.3/../../../../pic32mx/lib/./proc/32MX320F128H/default_isr_vectors.o
LOAD /opt/microchip/xc32/v1.42/bin/bin/../../lib/gcc/pic32mx/4.8.3/../../../../pic32mx/lib/pic32_software_reset.o
                0x00000400                PROVIDE (_min_stack_size, 0x400)
LOAD /opt/microchip/xc32/v1.42/bin/bin/../../lib/gcc/pic32mx/4.8.3/../../../../pic32mx/lib/./proc/32MX320F128H/processor.o
START GROUP
LOAD libmchp_peripheral.a
END GROUP
START GROUP
LOAD libmchp_peripheral_32MX320F128H.a
END GROUP
                0x00000001                PROVIDE (_vector_spacing, 0x1)
                0x9fc01000                PROVIDE (_ebase_address, 0x9fc01000)
                0xbfc00000                _RESET_ADDR = 0xbfc00000
                0xbfc00380                _BEV_EXCPT_ADDR = 0xbfc00380
                0xbfc00480                _DBG_EXCPT_ADDR = 0xbfc00480
                0xbfc02000                _DBG_CODE_ADDR = 0xbfc02000
                0x00000ff0                _DBG_CODE_SIZE = 0xff0
                0x9fc01180                _GEN_EXCPT_ADDR = (_ebase_address + 0x180)

.config_BFC02FF0
 *(.config_BFC02FF0)

.config_BFC02FF4
 *(.config_BFC02FF4)

.config_BFC02FF8
 *(.config_BFC02FF8)

.config_BFC02FFC
 *(.config_BFC02FFC)
                0xbfc02000                PROVIDE (_DBG_CODE_ADDR, 0xbfc02000)
                0x00000ff0                PROVIDE (_DBG_CODE_SIZE, 0xff0)

.reset          0xbfc00000      0x208
 *(.reset)
 .reset         0xbfc00000        0x8 /opt/microchip/xc32/v1.42/bin/bin/../../lib/gcc/pic32mx/4.8.3/../../../../pic32mx/lib/./proc/32MX320F128H/crt0_mips32r2.o
                0xbfc00000                _reset
 *(.reset.startup)
 .reset.startup
                0xbfc00008      0x200 /opt/microchip/xc32/v1.42/bin/bin/../../lib/gcc/pic32mx/4.8.3/../../../../pic32mx/lib/./proc/32MX320F128H/crt0_mips32r2.o

.bev_excpt      0xbfc00380       0x10
 *(.bev_handler)
 .bev_handler   0xbfc00380       0x10 /opt/microchip/xc32/v1.42/bin/bin/../../lib/gcc/pic32mx/4.8.3/../../../../pic32mx/lib/./proc/32MX320F128H/crt0_mips32r2.o

.dbg_excpt      0xbfc00480        0x0
                0xbfc00480                . = (. + DEFINED (_DEBUGGER)?0x8:0x0)

.dbg_code       0xbfc02000        0x0
                0xbfc02000                . = (. + DEFINED (_DEBUGGER)?_DBG_CODE_SIZE:0x0)

.app_excpt      0x9fc01180       0x24
 *(.gen_handler)
 .gen_handler   0x9fc01180       0x10 /opt/microchip/xc32/v1.42/bin/bin/../../lib/gcc/pic32mx/4.8.3/../../../../pic32mx/lib/./proc/32MX320F128H/crt0_mips32r2.o
 .gen_handler   0x9fc01190       0x14 build/default/production/vectors.o

.vector_0       0x9fc01200        0x8
 *(.vector_0)
 .vector_0      0x9fc01200        0x8 /opt/microchip/xc32/v1.42/bin/bin/../../lib/gcc/pic32mx/4.8.3/../../../../pic32mx/lib/libpic32.a(vector0.o)
                0x9fc01200                __vector_dispatch_0
                0x00000001                ASSERT (((_vector_spacing == 0x0) || (SIZEOF (.vector_0) <= (_vector_spacing << 0x5))), function at exception vector 0 too large)

.vector_1       0x9fc01220        0x8
 *(.vector_1)
 .vector_1      0x9fc01220        0x8 /opt/microchip/xc32/v1.42/bin/bin/../../lib/gcc/pic32mx/4.8.3/../../../../pic32mx/lib/libpic32.a(vector1.o)
                0x9fc01220                __vector_dispatch_1
                0x00000001                ASSERT (((_vector_spacing == 0x0) || (SIZEOF (.vector_1) <= (_vector_spacing << 0x5))), function at exception vector 1 too large)

.vector_2       0x9fc01240        0x8
 *(.vector_2)
 .vector_2      0x9fc01240        0x8 /opt/microchip/xc32/v1.42/bin/bin/../../lib/gcc/pic32mx/4.8.3/../../../../pic32mx/lib/libpic32.a(vector2.o)
                0x9fc01240                __vector_dispatch_2
                0x00000001                ASSERT (((_vector_spacing == 0x0) || (SIZEOF (.vector_2) <= (_vector_spacing << 0x5))), function at exception vector 2 too large)

.vector_3       0x9fc01260        0x8
 *(.vector_3)
 .vector_3      0x9fc01260        0x8 /opt/microchip/xc32/v1.42/bin/bin/../../lib/gcc/pic32mx/4.8.3/../../../../pic32mx/lib/libpic32.a(vector3.o)
                0x9fc01260                __vector_dispatch_3
                0x00000001                ASSERT (((_vector_spacing == 0x0) || (SIZEOF (.vector_3) <= (_vector_spacing << 0x5))), function at exception vector 3 too large)

.vector_4       0x9fc01280        0x8
 *(.vector_4)
 .vector_4      0x9fc01280        0x8 /opt/microchip/xc32/v1.42/bin/bin/../../lib/gcc/pic32mx/4.8.3/../../../../pic32mx/lib/libpic32.a(vector4.o)
                0x9fc01280                __vector_dispatch_4
                0x00000001                ASSERT (((_vector_spacing == 0x0) || (SIZEOF (.vector_4) <= (_vector_spacing << 0x5))), function at exception vector 4 too large)

.vector_5       0x9fc012a0        0x8
 *(.vector_5)
 .vector_5      0x9fc012a0        0x8 /opt/microchip/xc32/v1.42/bin/bin/../../lib/gcc/pic32mx/4.8.3/../../../../pic32mx/lib/libpic32.a(vector5.o)
                0x9fc012a0                __vector_dispatch_5
                0x00000001                ASSERT (((_vector_spacing == 0x0) || (SIZEOF (.vector_5) <= (_vector_spacing << 0x5))), function at exception vector 5 too large)

.vector_6       0x9fc012c0        0x8
 *(.vector_6)
 .vector_6      0x9fc012c0        0x8 /opt/microchip/xc32/v1.42/bin/bin/../../lib/gcc/pic32mx/4.8.3/../../../../pic32mx/lib/libpic32.a(vector6.o)
                0x9fc012c0                __vector_dispatch_6
                0x00000001                ASSERT (((_vector_spacing == 0x0) || (SIZEOF (.vector_6) <= (_vector_spacing << 0x5))), function at exception vector 6 too large)

.vector_7       0x9fc012e0        0x8
 *(.vector_7)
 .vector_7      0x9fc012e0        0x8 /opt/microchip/xc32/v1.42/bin/bin/../../lib/gcc/pic32mx/4.8.3/../../../../pic32mx/lib/libpic32.a(vector7.o)
                0x9fc012e0                __vector_dispatch_7
                0x00000001                ASSERT (((_vector_spacing == 0x0) || (SIZEOF (.vector_7) <= (_vector_spacing << 0x5))), function at exception vector 7 too large)

.vector_8       0x9fc01300        0x8
 *(.vector_8)
 .vector_8      0x9fc01300        0x8 /opt/microchip/xc32/v1.42/bin/bin/../../lib/gcc/pic32mx/4.8.3/../../../../pic32mx/lib/libpic32.a(vector8.o)
                0x9fc01300                __vector_dispatch_8
                0x00000001                ASSERT (((_vector_spacing == 0x0) || (SIZEOF (.vector_8) <= (_vector_spacing << 0x5))), function at exception vector 8 too large)

.vector_9       0x9fc01320        0x8
 *(.vector_9)
 .vector_9      0x9fc01320        0x8 /opt/microchip/xc32/v1.42/bin/bin/../../lib/gcc/pic32mx/4.8.3/../../../../pic32mx/lib/libpic32.a(vector9.o)
                0x9fc01320                __vector_dispatch_9
                0x00000001                ASSERT (((_vector_spacing == 0x0) || (SIZEOF (.vector_9) <= (_vector_spacing << 0x5))), function at exception vector 9 too large)

.vector_10      0x9fc01340        0x8
 *(.vector_10)
 .vector_10     0x9fc01340        0x8 /opt/microchip/xc32/v1.42/bin/bin/../../lib/gcc/pic32mx/4.8.3/../../../../pic32mx/lib/libpic32.a(vector10.o)
                0x9fc01340                __vector_dispatch_10
                0x00000001                ASSERT (((_vector_spacing == 0x0) || (SIZEOF (.vector_10) <= (_vector_spacing << 0x5))), function at exception vector 10 too large)

.vector_11      0x9fc01360        0x8
 *(.vector_11)
 .vector_11     0x9fc01360        0x8 /opt/microchip/xc32/v1.42/bin/bin/../../lib/gcc/pic32mx/4.8.3/../../../../pic32mx/lib/libpic32.a(vector11.o)
                0x9fc01360                __vector_dispatch_11
                0x00000001                ASSERT (((_vector_spacing == 0x0) || (SIZEOF (.vector_11) <= (_vector_spacing << 0x5))), function at exception vector 11 too large)

.vector_12      0x9fc01380        0x8
 *(.vector_12)
 .vector_12     0x9fc01380        0x8 /opt/microchip/xc32/v1.42/bin/bin/../../lib/gcc/pic32mx/4.8.3/../../../../pic32mx/lib/libpic32.a(vector12.o)
                0x9fc01380                __vector_dispatch_12
                0x00000001                ASSERT (((_vector_spacing == 0x0) || (SIZEOF (.vector_12) <= (_vector_spacing << 0x5))), function at exception vector 12 too large)

.vector_13      0x9fc013a0        0x8
 *(.vector_13)
 .vector_13     0x9fc013a0        0x8 /opt/microchip/xc32/v1.42/bin/bin/../../lib/gcc/pic32mx/4.8.3/../../../../pic32mx/lib/libpic32.a(vector13.o)
                0x9fc013a0                __vector_dispatch_13
                0x00000001                ASSERT (((_vector_spacing == 0x0) || (SIZEOF (.vector_13) <= (_vector_spacing << 0x5))), function at exception vector 13 too large)

.vector_14      0x9fc013c0        0x8
 *(.vector_14)
 .vector_14     0x9fc013c0        0x8 /opt/microchip/xc32/v1.42/bin/bin/../../lib/gcc/pic32mx/4.8.3/../../../../pic32mx/lib/libpic32.a(vector14.o)
                0x9fc013c0                __vector_dispatch_14
                0x00000001                ASSERT (((_vector_spacing == 0x0) || (SIZEOF (.vector_14) <= (_vector_spacing << 0x5))), function at exception vector 14 too large)

.vector_15      0x9fc013e0        0x8
 *(.vector_15)
 .vector_15     0x9fc013e0        0x8 /opt/microchip/xc32/v1.42/bin/bin/../../lib/gcc/pic32mx/4.8.3/../../../../pic32mx/lib/libpic32.a(vector15.o)
                0x9fc013e0                __vector_dispatch_15
                0x00000001                ASSERT (((_vector_spacing == 0x0) || (SIZEOF (.vector_15) <= (_vector_spacing << 0x5))), function at exception vector 15 too large)

.vector_16      0x9fc01400        0x8
 *(.vector_16)
 .vector_16     0x9fc01400        0x8 /opt/microchip/xc32/v1.42/bin/bin/../../lib/gcc/pic32mx/4.8.3/../../../../pic32mx/lib/libpic32.a(vector16.o)
                0x9fc01400                __vector_dispatch_16
                0x00000001                ASSERT (((_vector_spacing == 0x0) || (SIZEOF (.vector_16) <= (_vector_spacing << 0x5))), function at exception vector 16 too large)

.vector_17      0x9fc01420        0x8
 *(.vector_17)
 .vector_17     0x9fc01420        0x8 /opt/microchip/xc32/v1.42/bin/bin/../../lib/gcc/pic32mx/4.8.3/../../../../pic32mx/lib/libpic32.a(vector17.o)
                0x9fc01420                __vector_dispatch_17
                0x00000001                ASSERT (((_vector_spacing == 0x0) || (SIZEOF (.vector_17) <= (_vector_spacing << 0x5))), function at exception vector 17 too large)

.vector_18      0x9fc01440        0x8
 *(.vector_18)
 .vector_18     0x9fc01440        0x8 /opt/microchip/xc32/v1.42/bin/bin/../../lib/gcc/pic32mx/4.8.3/../../../../pic32mx/lib/libpic32.a(vector18.o)
                0x9fc01440                __vector_dispatch_18
                0x00000001                ASSERT (((_vector_spacing == 0x0) || (SIZEOF (.vector_18) <= (_vector_spacing << 0x5))), function at exception vector 18 too large)

.vector_19      0x9fc01460        0x8
 *(.vector_19)
 .vector_19     0x9fc01460        0x8 /opt/microchip/xc32/v1.42/bin/bin/../../lib/gcc/pic32mx/4.8.3/../../../../pic32mx/lib/libpic32.a(vector19.o)
                0x9fc01460                __vector_dispatch_19
                0x00000001                ASSERT (((_vector_spacing == 0x0) || (SIZEOF (.vector_19) <= (_vector_spacing << 0x5))), function at exception vector 19 too large)

.vector_20      0x9fc01480        0x8
 *(.vector_20)
 .vector_20     0x9fc01480        0x8 /opt/microchip/xc32/v1.42/bin/bin/../../lib/gcc/pic32mx/4.8.3/../../../../pic32mx/lib/libpic32.a(vector20.o)
                0x9fc01480                __vector_dispatch_20
                0x00000001                ASSERT (((_vector_spacing == 0x0) || (SIZEOF (.vector_20) <= (_vector_spacing << 0x5))), function at exception vector 20 too large)

.vector_21      0x9fc014a0        0x8
 *(.vector_21)
 .vector_21     0x9fc014a0        0x8 /opt/microchip/xc32/v1.42/bin/bin/../../lib/gcc/pic32mx/4.8.3/../../../../pic32mx/lib/libpic32.a(vector21.o)
                0x9fc014a0                __vector_dispatch_21
                0x00000001                ASSERT (((_vector_spacing == 0x0) || (SIZEOF (.vector_21) <= (_vector_spacing << 0x5))), function at exception vector 21 too large)

.vector_22      0x9fc014c0        0x8
 *(.vector_22)
 .vector_22     0x9fc014c0        0x8 /opt/microchip/xc32/v1.42/bin/bin/../../lib/gcc/pic32mx/4.8.3/../../../../pic32mx/lib/libpic32.a(vector22.o)
                0x9fc014c0                __vector_dispatch_22
                0x00000001                ASSERT (((_vector_spacing == 0x0) || (SIZEOF (.vector_22) <= (_vector_spacing << 0x5))), function at exception vector 22 too large)

.vector_23      0x9fc014e0        0x8
 *(.vector_23)
 .vector_23     0x9fc014e0        0x8 /opt/microchip/xc32/v1.42/bin/bin/../../lib/gcc/pic32mx/4.8.3/../../../../pic32mx/lib/libpic32.a(vector23.o)
                0x9fc014e0                __vector_dispatch_23
                0x00000001                ASSERT (((_vector_spacing == 0x0) || (SIZEOF (.vector_23) <= (_vector_spacing << 0x5))), function at exception vector 23 too large)

.vector_24      0x9fc01500        0x8
 *(.vector_24)
 .vector_24     0x9fc01500        0x8 /opt/microchip/xc32/v1.42/bin/bin/../../lib/gcc/pic32mx/4.8.3/../../../../pic32mx/lib/libpic32.a(vector24.o)
                0x9fc01500                __vector_dispatch_24
                0x00000001                ASSERT (((_vector_spacing == 0x0) || (SIZEOF (.vector_24) <= (_vector_spacing << 0x5))), function at exception vector 24 too large)

.vector_25      0x9fc01520        0x8
 *(.vector_25)
 .vector_25     0x9fc01520        0x8 /opt/microchip/xc32/v1.42/bin/bin/../../lib/gcc/pic32mx/4.8.3/../../../../pic32mx/lib/libpic32.a(vector25.o)
                0x9fc01520                __vector_dispatch_25
                0x00000001                ASSERT (((_vector_spacing == 0x0) || (SIZEOF (.vector_25) <= (_vector_spacing << 0x5))), function at exception vector 25 too large)

.vector_26      0x9fc01540        0x8
 *(.vector_26)
 .vector_26     0x9fc01540        0x8 /opt/microchip/xc32/v1.42/bin/bin/../../lib/gcc/pic32mx/4.8.3/../../../../pic32mx/lib/libpic32.a(vector26.o)
                0x9fc01540                __vector_dispatch_26
                0x00000001                ASSERT (((_vector_spacing == 0x0) || (SIZEOF (.vector_26) <= (_vector_spacing << 0x5))), function at exception vector 26 too large)

.vector_27      0x9fc01560        0x8
 *(.vector_27)
 .vector_27     0x9fc01560        0x8 /opt/microchip/xc32/v1.42/bin/bin/../../lib/gcc/pic32mx/4.8.3/../../../../pic32mx/lib/libpic32.a(vector27.o)
                0x9fc01560                __vector_dispatch_27
                0x00000001                ASSERT (((_vector_spacing == 0x0) || (SIZEOF (.vector_27) <= (_vector_spacing << 0x5))), function at exception vector 27 too large)

.vector_28      0x9fc01580        0x8
 *(.vector_28)
 .vector_28     0x9fc01580        0x8 /opt/microchip/xc32/v1.42/bin/bin/../../lib/gcc/pic32mx/4.8.3/../../../../pic32mx/lib/libpic32.a(vector28.o)
                0x9fc01580                __vector_dispatch_28
                0x00000001                ASSERT (((_vector_spacing == 0x0) || (SIZEOF (.vector_28) <= (_vector_spacing << 0x5))), function at exception vector 28 too large)

.vector_29      0x9fc015a0        0x8
 *(.vector_29)
 .vector_29     0x9fc015a0        0x8 /opt/microchip/xc32/v1.42/bin/bin/../../lib/gcc/pic32mx/4.8.3/../../../../pic32mx/lib/libpic32.a(vector29.o)
                0x9fc015a0                __vector_dispatch_29
                0x00000001                ASSERT (((_vector_spacing == 0x0) || (SIZEOF (.vector_29) <= (_vector_spacing << 0x5))), function at exception vector 29 too large)

.vector_30      0x9fc015c0        0x8
 *(.vector_30)
 .vector_30     0x9fc015c0        0x8 /opt/microchip/xc32/v1.42/bin/bin/../../lib/gcc/pic32mx/4.8.3/../../../../pic32mx/lib/libpic32.a(vector30.o)
                0x9fc015c0                __vector_dispatch_30
                0x00000001                ASSERT (((_vector_spacing == 0x0) || (SIZEOF (.vector_30) <= (_vector_spacing << 0x5))), function at exception vector 30 too large)

.vector_31      0x9fc015e0        0x8
 *(.vector_31)
 .vector_31     0x9fc015e0        0x8 /opt/microchip/xc32/v1.42/bin/bin/../../lib/gcc/pic32mx/4.8.3/../../../../pic32mx/lib/libpic32.a(vector31.o)
                0x9fc015e0                __vector_dispatch_31
                0x00000001                ASSERT (((_vector_spacing == 0x0) || (SIZEOF (.vector_31) <= (_vector_spacing << 0x5))), function at exception vector 31 too large)

.vector_32      0x9fc01600        0x8
 *(.vector_32)
 .vector_32     0x9fc01600        0x8 /opt/microchip/xc32/v1.42/bin/bin/../../lib/gcc/pic32mx/4.8.3/../../../../pic32mx/lib/libpic32.a(vector32.o)
                0x9fc01600                __vector_dispatch_32
                0x00000001                ASSERT (((_vector_spacing == 0x0) || (SIZEOF (.vector_32) <= (_vector_spacing << 0x5))), function at exception vector 32 too large)

.vector_33      0x9fc01620        0x8
 *(.vector_33)
 .vector_33     0x9fc01620        0x8 /opt/microchip/xc32/v1.42/bin/bin/../../lib/gcc/pic32mx/4.8.3/../../../../pic32mx/lib/libpic32.a(vector33.o)
                0x9fc01620                __vector_dispatch_33
                0x00000001                ASSERT (((_vector_spacing == 0x0) || (SIZEOF (.vector_33) <= (_vector_spacing << 0x5))), function at exception vector 33 too large)

.vector_34      0x9fc01640        0x8
 *(.vector_34)
 .vector_34     0x9fc01640        0x8 /opt/microchip/xc32/v1.42/bin/bin/../../lib/gcc/pic32mx/4.8.3/../../../../pic32mx/lib/libpic32.a(vector34.o)
                0x9fc01640                __vector_dispatch_34
                0x00000001                ASSERT (((_vector_spacing == 0x0) || (SIZEOF (.vector_34) <= (_vector_spacing << 0x5))), function at exception vector 34 too large)

.vector_35      0x9fc01660        0x8
 *(.vector_35)
 .vector_35     0x9fc01660        0x8 /opt/microchip/xc32/v1.42/bin/bin/../../lib/gcc/pic32mx/4.8.3/../../../../pic32mx/lib/libpic32.a(vector35.o)
                0x9fc01660                __vector_dispatch_35
                0x00000001                ASSERT (((_vector_spacing == 0x0) || (SIZEOF (.vector_35) <= (_vector_spacing << 0x5))), function at exception vector 35 too large)

.vector_36      0x9fc01680        0x8
 *(.vector_36)
 .vector_36     0x9fc01680        0x8 /opt/microchip/xc32/v1.42/bin/bin/../../lib/gcc/pic32mx/4.8.3/../../../../pic32mx/lib/libpic32.a(vector36.o)
                0x9fc01680                __vector_dispatch_36
                0x00000001                ASSERT (((_vector_spacing == 0x0) || (SIZEOF (.vector_36) <= (_vector_spacing << 0x5))), function at exception vector 36 too large)

.vector_37      0x9fc016a0        0x8
 *(.vector_37)
 .vector_37     0x9fc016a0        0x8 /opt/microchip/xc32/v1.42/bin/bin/../../lib/gcc/pic32mx/4.8.3/../../../../pic32mx/lib/libpic32.a(vector37.o)
                0x9fc016a0                __vector_dispatch_37
                0x00000001                ASSERT (((_vector_spacing == 0x0) || (SIZEOF (.vector_37) <= (_vector_spacing << 0x5))), function at exception vector 37 too large)

.vector_38      0x9fc016c0        0x8
 *(.vector_38)
 .vector_38     0x9fc016c0        0x8 /opt/microchip/xc32/v1.42/bin/bin/../../lib/gcc/pic32mx/4.8.3/../../../../pic32mx/lib/libpic32.a(vector38.o)
                0x9fc016c0                __vector_dispatch_38
                0x00000001                ASSERT (((_vector_spacing == 0x0) || (SIZEOF (.vector_38) <= (_vector_spacing << 0x5))), function at exception vector 38 too large)

.vector_39      0x9fc016e0        0x8
 *(.vector_39)
 .vector_39     0x9fc016e0        0x8 /opt/microchip/xc32/v1.42/bin/bin/../../lib/gcc/pic32mx/4.8.3/../../../../pic32mx/lib/libpic32.a(vector39.o)
                0x9fc016e0                __vector_dispatch_39
                0x00000001                ASSERT (((_vector_spacing == 0x0) || (SIZEOF (.vector_39) <= (_vector_spacing << 0x5))), function at exception vector 39 too large)

.vector_40      0x9fc01700        0x8
 *(.vector_40)
 .vector_40     0x9fc01700        0x8 /opt/microchip/xc32/v1.42/bin/bin/../../lib/gcc/pic32mx/4.8.3/../../../../pic32mx/lib/libpic32.a(vector40.o)
                0x9fc01700                __vector_dispatch_40
                0x00000001                ASSERT (((_vector_spacing == 0x0) || (SIZEOF (.vector_40) <= (_vector_spacing << 0x5))), function at exception vector 40 too large)

.vector_41      0x9fc01720        0x8
 *(.vector_41)
 .vector_41     0x9fc01720        0x8 /opt/microchip/xc32/v1.42/bin/bin/../../lib/gcc/pic32mx/4.8.3/../../../../pic32mx/lib/libpic32.a(vector41.o)
                0x9fc01720                __vector_dispatch_41
                0x00000001                ASSERT (((_vector_spacing == 0x0) || (SIZEOF (.vector_41) <= (_vector_spacing << 0x5))), function at exception vector 41 too large)

.vector_42      0x9fc01740        0x8
 *(.vector_42)
 .vector_42     0x9fc01740        0x8 /opt/microchip/xc32/v1.42/bin/bin/../../lib/gcc/pic32mx/4.8.3/../../../../pic32mx/lib/libpic32.a(vector42.o)
                0x9fc01740                __vector_dispatch_42
                0x00000001                ASSERT (((_vector_spacing == 0x0) || (SIZEOF (.vector_42) <= (_vector_spacing << 0x5))), function at exception vector 42 too large)

.vector_43      0x9fc01760        0x8
 *(.vector_43)
 .vector_43     0x9fc01760        0x8 /opt/microchip/xc32/v1.42/bin/bin/../../lib/gcc/pic32mx/4.8.3/../../../../pic32mx/lib/libpic32.a(vector43.o)
                0x9fc01760                __vector_dispatch_43
                0x00000001                ASSERT (((_vector_spacing == 0x0) || (SIZEOF (.vector_43) <= (_vector_spacing << 0x5))), function at exception vector 43 too large)

.vector_44      0x9fc01780        0x8
 *(.vector_44)
 .vector_44     0x9fc01780        0x8 /opt/microchip/xc32/v1.42/bin/bin/../../lib/gcc/pic32mx/4.8.3/../../../../pic32mx/lib/libpic32.a(vector44.o)
                0x9fc01780                __vector_dispatch_44
                0x00000001                ASSERT (((_vector_spacing == 0x0) || (SIZEOF (.vector_44) <= (_vector_spacing << 0x5))), function at exception vector 44 too large)

.vector_45      0x9fc017a0        0x0
 *(.vector_45)
                0x00000001                ASSERT (((_vector_spacing == 0x0) || (SIZEOF (.vector_45) <= (_vector_spacing << 0x5))), function at exception vector 45 too large)

.vector_46      0x9fc017c0        0x0
 *(.vector_46)
                0x00000001                ASSERT (((_vector_spacing == 0x0) || (SIZEOF (.vector_46) <= (_vector_spacing << 0x5))), function at exception vector 46 too large)

.vector_47      0x9fc017e0        0x0
 *(.vector_47)
                0x00000001                ASSERT (((_vector_spacing == 0x0) || (SIZEOF (.vector_47) <= (_vector_spacing << 0x5))), function at exception vector 47 too large)

.vector_48      0x9fc01800        0x0
 *(.vector_48)
                0x00000001                ASSERT (((_vector_spacing == 0x0) || (SIZEOF (.vector_48) <= (_vector_spacing << 0x5))), function at exception vector 48 too large)

.vector_49      0x9fc01820        0x0
 *(.vector_49)
                0x00000001                ASSERT (((_vector_spacing == 0x0) || (SIZEOF (.vector_49) <= (_vector_spacing << 0x5))), function at exception vector 49 too large)

.vector_50      0x9fc01840        0x0
 *(.vector_50)
                0x00000001                ASSERT (((_vector_spacing == 0x0) || (SIZEOF (.vector_50) <= (_vector_spacing << 0x5))), function at exception vector 50 too large)

.vector_51      0x9fc01860        0x0
 *(.vector_51)
                0x00000001                ASSERT (((_vector_spacing == 0x0) || (SIZEOF (.vector_51) <= (_vector_spacing << 0x5))), function at exception vector 51 too large)

.vector_52      0x9fc01880        0x0
 *(.vector_52)
                0x00000001                ASSERT (((_vector_spacing == 0x0) || (SIZEOF (.vector_52) <= (_vector_spacing << 0x5))), function at exception vector 52 too large)

.vector_53      0x9fc018a0        0x0
 *(.vector_53)
                0x00000001                ASSERT (((_vector_spacing == 0x0) || (SIZEOF (.vector_53) <= (_vector_spacing << 0x5))), function at exception vector 53 too large)

.vector_54      0x9fc018c0        0x0
 *(.vector_54)
                0x00000001                ASSERT (((_vector_spacing == 0x0) || (SIZEOF (.vector_54) <= (_vector_spacing << 0x5))), function at exception vector 54 too large)

.vector_55      0x9fc018e0        0x0
 *(.vector_55)
                0x00000001                ASSERT (((_vector_spacing == 0x0) || (SIZEOF (.vector_55) <= (_vector_spacing << 0x5))), function at exception vector 55 too large)

.vector_56      0x9fc01900        0x0
 *(.vector_56)
                0x00000001                ASSERT (((_vector_spacing == 0x0) || (SIZEOF (.vector_56) <= (_vector_spacing << 0x5))), function at exception vector 56 too large)

.vector_57      0x9fc01920        0x0
 *(.vector_57)
                0x00000001                ASSERT (((_vector_spacing == 0x0) || (SIZEOF (.vector_57) <= (_vector_spacing << 0x5))), function at exception vector 57 too large)

.vector_58      0x9fc01940        0x0
 *(.vector_58)
                0x00000001                ASSERT (((_vector_spacing == 0x0) || (SIZEOF (.vector_58) <= (_vector_spacing << 0x5))), function at exception vector 58 too large)

.vector_59      0x9fc01960        0x0
 *(.vector_59)
                0x00000001                ASSERT (((_vector_spacing == 0x0) || (SIZEOF (.vector_59) <= (_vector_spacing << 0x5))), function at exception vector 59 too large)

.vector_60      0x9fc01980        0x0
 *(.vector_60)
                0x00000001                ASSERT (((_vector_spacing == 0x0) || (SIZEOF (.vector_60) <= (_vector_spacing << 0x5))), function at exception vector 60 too large)

.vector_61      0x9fc019a0        0x0
 *(.vector_61)
                0x00000001                ASSERT (((_vector_spacing == 0x0) || (SIZEOF (.vector_61) <= (_vector_spacing << 0x5))), function at exception vector 61 too large)

.vector_62      0x9fc019c0        0x0
 *(.vector_62)
                0x00000001                ASSERT (((_vector_spacing == 0x0) || (SIZEOF (.vector_62) <= (_vector_spacing << 0x5))), function at exception vector 62 too large)

.vector_63      0x9fc019e0        0x0
 *(.vector_63)
                0x00000001                ASSERT (((_vector_spacing == 0x0) || (SIZEOF (.vector_63) <= (_vector_spacing << 0x5))), function at exception vector 63 too large)

.startup
 *(.startup)

.text           0x9d000000        0x0
 *(.stub .gnu.linkonce.t.*)
 *(.text.*personality*)
 *(.mips16.fn.*)
 *(.mips16.call.*)
 *(.gnu.warning)
                0x9d000000                . = ALIGN (0x4)

.init           0x9d000000        0x0
 *crti.o(.init)
 *crtbegin.o(.init)
 *(EXCLUDE_FILE(*crtn.o *crtend?.o *crtend.o) .init)
 *crtend.o(.init)
 *crtn.o(.init)
                0x9d000000                . = ALIGN (0x4)

.fini           0x9d000000        0x0
 *(.fini)
                0x9d000000                . = ALIGN (0x4)

.preinit_array  0x9d000000        0x0
                0x9d000000                PROVIDE (__preinit_array_start, .)
 *(.preinit_array)
                0x9d000000                PROVIDE (__preinit_array_end, .)
                0x9d000000                . = ALIGN (0x4)

.init_array     0x9d000000        0x0
                0x9d000000                PROVIDE (__init_array_start, .)
 *(SORT(.init_array.*))
 *(.init_array)
                0x9d000000                PROVIDE (__init_array_end, .)
                0x9d000000                . = ALIGN (0x4)

.fini_array     0x9d000000        0x0
                0x9d000000                PROVIDE (__fini_array_start, .)
 *(SORT(.fini_array.*))
 *(.fini_array)
                0x9d000000                PROVIDE (__fini_array_end, .)
                0x9d000000                . = ALIGN (0x4)

.ctors          0x9d000000        0x0
 *crtbegin.o(.ctors)
 *crtbegin?.o(.ctors)
 *(EXCLUDE_FILE(*crtend?.o *crtend.o) .ctors)
 *(SORT(.ctors.*))
 *(.ctors)
                0x9d000000                . = ALIGN (0x4)

.dtors          0x9d000000        0x0
 *crtbegin.o(.dtors)
 *crtbegin?.o(.dtors)
 *(EXCLUDE_FILE(*crtend?.o *crtend.o) .dtors)
 *(SORT(.dtors.*))
 *(.dtors)
                0x9d000000                . = ALIGN (0x4)

.rodata         0x9d000000        0x0
 *(.gnu.linkonce.r.*)
 *(.rodata1)
                0x9d000000                . = ALIGN (0x4)

.sdata2         0x9fc00490        0x0
 *(.sdata2 .sdata2.* .gnu.linkonce.s2.*)
                0x9fc00490                . = ALIGN (0x4)

.sbss2          0x9fc00490        0x0
 *(.sbss2 .sbss2.* .gnu.linkonce.sb2.*)
                0x9fc00490                . = ALIGN (0x4)

.eh_frame_hdr
 *(.eh_frame_hdr)
                0x9fc00490                . = ALIGN (0x4)

.eh_frame
 *(.eh_frame)
                0x9fc00490                . = ALIGN (0x4)

.gcc_except_table
 *(.gcc_except_table .gcc_except_table.*)
                0x9fc00490                . = ALIGN (0x4)

.dbg_data       0xa0000000        0x0
                0xa0000000                . = (. + DEFINED (_DEBUGGER)?0x200:0x0)

.jcr            0xa0000000        0x0
 *(.jcr)
                0xa0000000                . = ALIGN (0x4)

.eh_frame
 *(.eh_frame)
                0xa0000000                . = ALIGN (0x4)

.gcc_except_table
 *(.gcc_except_table .gcc_except_table.*)
                0xa0000000                . = ALIGN (0x4)

.persist        0xa0000000        0x0
                0xa0000000                _persist_begin = .
 *(.persist .persist.*)
 *(.pbss .pbss.*)
                0xa0000000                . = ALIGN (0x4)
                0xa0000000                _persist_end = .

.data           0xa0000000        0x0
 *(.gnu.linkonce.d.*)
 *(.data1)
                0xa0000000                . = ALIGN (0x4)
                0xa0000000                . = .
                0xa0007ff0                _gp = (ALIGN (0x10) + 0x7ff0)

.got            0xa0000000        0x0
 *(.got.plt)
 *(.got)
                0xa0000000                . = ALIGN (0x4)

.sdata          0xa0000000       0x30
                0xa0000000                _sdata_begin = .
 *(.sdata .sdata.* .gnu.linkonce.s.*)
 .sdata         0xa0000000       0x30 build/default/production/mipslabwork.o
                0xa0000000                trise
                0xa0000004                prime
                0xa0000008                mytime
                0xa000000c                paddle1_y
                0xa0000010                paddle2_x
                0xa0000014                paddle2_y
                0xa0000018                ball_x
                0xa000001c                ball_y
                0xa0000030                . = ALIGN (0x4)
                0xa0000030                _sdata_end = .

.lit8
 *(.lit8)

.lit4
 *(.lit4)
                0xa0000030                . = ALIGN (0x4)
                0xa0000030                _data_end = .
                0xa0000030                _bss_begin = .

.sbss           0xa0000030       0x34
                0xa0000030                _sbss_begin = .
 *(.dynsbss)
 *(.sbss .sbss.* .gnu.linkonce.sb.*)
 .sbss          0xa0000030       0x18 build/default/production/mipslabwork.o
                0xa0000030                timeoutcounter
                0xa0000034                bindis
                0xa0000038                paddle1_x
                0xa000003c                ball_speed
                0xa0000040                player1score
                0xa0000044                player2score
 *(.scommon)
 .scommon       0xa0000048       0x1c build/default/production/OledFunc.o
                0xa0000048                ycoOledCur
                0xa000004c                xcoOledCur
                0xa0000050                pbOledCur
                0xa0000054                pbOledPatCur
                0xa0000058                clrOledCur
                0xa000005c                bnOledCur
                0xa0000060                pfnDoRop
                0xa0000064                _sbss_end = .
                0xa0000064                . = ALIGN (0x4)

.bss            0xa0000064     0x1400
 *(.dynbss)
 *(COMMON)
 COMMON         0xa0000064     0x1400 build/default/production/mipslabdata.o
                0xa0000064                textbuffer2
                0xa0000264                thematrix
                0xa0001264                textbuffer
                0xa0001464                . = ALIGN ((. != 0x0)?0x4:0x1)
                0xa0001464                . = ALIGN (0x4)
                0xa0001464                _end = .
                0xa0001464                _bss_end = .
                0x00004000                _bmxdudba_address = 0x4000
                0x00004000                _bmxdupba_address = 0x4000

/DISCARD/
 *(.pdr)
 *(.rel.dyn)
 *(.note.GNU-stack)
 *(.note.GNU-stack)
 *(.gnu_debuglink)
 *(.gnu.lto_*)
 *(.discard)

.gptab.sdata
 *(.gptab.data)
 *(.gptab.sdata)

.gptab.sbss
 *(.gptab.bss)
 *(.gptab.sbss)

.mdebug.abi32   0xa0001464        0x0
 *(.mdebug.abi32)
 .mdebug.abi32  0xa0001464        0x0 build/default/production/main.o
 .mdebug.abi32  0xa0001464        0x0 build/default/production/mipslabdata.o
 .mdebug.abi32  0xa0001464        0x0 build/default/production/mipslabfunk.o
 .mdebug.abi32  0xa0001464        0x0 build/default/production/mipslabwork.o
 .mdebug.abi32  0xa0001464        0x0 build/default/production/stubs.o
 .mdebug.abi32  0xa0001464        0x0 build/default/production/OledFunc.o
 .mdebug.abi32  0xa0001464        0x0 /opt/microchip/xc32/v1.42/bin/bin/../../lib/gcc/pic32mx/4.8.3/../../../../pic32mx/lib/libpic32.a(default-bootstrap-exception-handler.o)
 .mdebug.abi32  0xa0001464        0x0 /opt/microchip/xc32/v1.42/bin/bin/../../lib/gcc/pic32mx/4.8.3/../../../../pic32mx/lib/libpic32.a(default-general-exception-handler.o)
 .mdebug.abi32  0xa0001464        0x0 /opt/microchip/xc32/v1.42/bin/bin/../../lib/gcc/pic32mx/4.8.3/../../../../pic32mx/lib/libpic32.a(defaultinterrupt.o)

.mdebug.abiN32
 *(.mdebug.abiN32)

.mdebug.abi64
 *(.mdebug.abi64)

.mdebug.abiO64
 *(.mdebug.abiO64)

.mdebug.eabi32
 *(.mdebug.eabi32)

.mdebug.eabi64
 *(.mdebug.eabi64)

.gcc_compiled_long32
 *(.gcc_compiled_long32)

.gcc_compiled_long64
 *(.gcc_compiled_long64)

.stab
 *(.stab)

.stabstr
 *(.stabstr)

.stab.excl
 *(.stab.excl)

.stab.exclstr
 *(.stab.exclstr)

.stab.index
 *(.stab.index)

.stab.indexstr
 *(.stab.indexstr)

.comment        0x00000000       0x3c
 *(.comment)
 .comment       0x00000000       0x3c build/default/production/main.o
                                 0x3d (size before relaxing)
 .comment       0x00000000       0x3d build/default/production/mipslabdata.o
 .comment       0x00000000       0x3d build/default/production/mipslabfunk.o
 .comment       0x00000000       0x3d build/default/production/mipslabwork.o
 .comment       0x00000000       0x3d build/default/production/stubs.o
 .comment       0x00000000       0x3d build/default/production/OledFunc.o
 .comment       0x00000000       0x3d /opt/microchip/xc32/v1.42/bin/bin/../../lib/gcc/pic32mx/4.8.3/../../../../pic32mx/lib/libpic32.a(default-bootstrap-exception-handler.o)
 .comment       0x00000000       0x3d /opt/microchip/xc32/v1.42/bin/bin/../../lib/gcc/pic32mx/4.8.3/../../../../pic32mx/lib/libpic32.a(default-general-exception-handler.o)
 .comment       0x00000000       0x3d /opt/microchip/xc32/v1.42/bin/bin/../../lib/gcc/pic32mx/4.8.3/../../../../pic32mx/lib/libpic32.a(defaultinterrupt.o)

.debug
 *(.debug)

.line
 *(.line)

.debug_srcinfo
 *(.debug_srcinfo)

.debug_sfnames
 *(.debug_sfnames)

.debug_aranges  0x00000000      0x360
 *(.debug_aranges)
 .debug_aranges
                0x00000000       0x20 build/default/production/main.o
 .debug_aranges
                0x00000020       0x20 build/default/production/labwork.o
 .debug_aranges
                0x00000040       0x18 build/default/production/mipslabdata.o
 .debug_aranges
                0x00000058       0x20 build/default/production/mipslabfunk.o
 .debug_aranges
                0x00000078       0x20 build/default/production/mipslabwork.o
 .debug_aranges
                0x00000098      0x228 build/default/production/vectors.o
 .debug_aranges
                0x000002c0       0x20 build/default/production/stubs.o
 .debug_aranges
                0x000002e0       0x20 build/default/production/OledFunc.o
 .debug_aranges
                0x00000300       0x20 /opt/microchip/xc32/v1.42/bin/bin/../../lib/gcc/pic32mx/4.8.3/../../../../pic32mx/lib/libpic32.a(default-bootstrap-exception-handler.o)
 .debug_aranges
                0x00000320       0x20 /opt/microchip/xc32/v1.42/bin/bin/../../lib/gcc/pic32mx/4.8.3/../../../../pic32mx/lib/libpic32.a(default-general-exception-handler.o)
 .debug_aranges
                0x00000340       0x20 /opt/microchip/xc32/v1.42/bin/bin/../../lib/gcc/pic32mx/4.8.3/../../../../pic32mx/lib/libpic32.a(defaultinterrupt.o)

.debug_pubnames
 *(.debug_pubnames)

.debug_info     0x00000000     0x2c6e
 *(.debug_info .gnu.linkonce.wi.*)
 .debug_info    0x00000000      0x4e9 build/default/production/main.o
 .debug_info    0x000004e9       0x6d build/default/production/labwork.o
 .debug_info    0x00000556      0x33f build/default/production/mipslabdata.o
 .debug_info    0x00000895      0xd03 build/default/production/mipslabfunk.o
 .debug_info    0x00001598      0xda9 build/default/production/mipslabwork.o
 .debug_info    0x00002341       0x69 build/default/production/vectors.o
 .debug_info    0x000023aa       0xd4 build/default/production/stubs.o
 .debug_info    0x0000247e      0x521 build/default/production/OledFunc.o
 .debug_info    0x0000299f       0xf5 /opt/microchip/xc32/v1.42/bin/bin/../../lib/gcc/pic32mx/4.8.3/../../../../pic32mx/lib/libpic32.a(default-bootstrap-exception-handler.o)
 .debug_info    0x00002a94       0xf1 /opt/microchip/xc32/v1.42/bin/bin/../../lib/gcc/pic32mx/4.8.3/../../../../pic32mx/lib/libpic32.a(default-general-exception-handler.o)
 .debug_info    0x00002b85       0xe9 /opt/microchip/xc32/v1.42/bin/bin/../../lib/gcc/pic32mx/4.8.3/../../../../pic32mx/lib/libpic32.a(defaultinterrupt.o)

.debug_abbrev   0x00000000      0x6e2
 *(.debug_abbrev)
 .debug_abbrev  0x00000000       0xdf build/default/production/main.o
 .debug_abbrev  0x000000df       0x14 build/default/production/labwork.o
 .debug_abbrev  0x000000f3       0x5b build/default/production/mipslabdata.o
 .debug_abbrev  0x0000014e      0x1f9 build/default/production/mipslabfunk.o
 .debug_abbrev  0x00000347      0x19a build/default/production/mipslabwork.o
 .debug_abbrev  0x000004e1       0x12 build/default/production/vectors.o
 .debug_abbrev  0x000004f3       0x2a build/default/production/stubs.o
 .debug_abbrev  0x0000051d      0x14d build/default/production/OledFunc.o
 .debug_abbrev  0x0000066a       0x28 /opt/microchip/xc32/v1.42/bin/bin/../../lib/gcc/pic32mx/4.8.3/../../../../pic32mx/lib/libpic32.a(default-bootstrap-exception-handler.o)
 .debug_abbrev  0x00000692       0x28 /opt/microchip/xc32/v1.42/bin/bin/../../lib/gcc/pic32mx/4.8.3/../../../../pic32mx/lib/libpic32.a(default-general-exception-handler.o)
 .debug_abbrev  0x000006ba       0x28 /opt/microchip/xc32/v1.42/bin/bin/../../lib/gcc/pic32mx/4.8.3/../../../../pic32mx/lib/libpic32.a(defaultinterrupt.o)

.debug_line     0x00000000      0xf44
 *(.debug_line)
 .debug_line    0x00000000      0x13c build/default/production/main.o
 .debug_line    0x0000013c       0x91 build/default/production/labwork.o
 .debug_line    0x000001cd       0xb0 build/default/production/mipslabdata.o
 .debug_line    0x0000027d      0x337 build/default/production/mipslabfunk.o
 .debug_line    0x000005b4      0x1af build/default/production/mipslabwork.o
 .debug_line    0x00000763      0x452 build/default/production/vectors.o
 .debug_line    0x00000bb5       0x75 build/default/production/stubs.o
 .debug_line    0x00000c2a      0x122 build/default/production/OledFunc.o
 .debug_line    0x00000d4c       0xa9 /opt/microchip/xc32/v1.42/bin/bin/../../lib/gcc/pic32mx/4.8.3/../../../../pic32mx/lib/libpic32.a(default-bootstrap-exception-handler.o)
 .debug_line    0x00000df5       0xa7 /opt/microchip/xc32/v1.42/bin/bin/../../lib/gcc/pic32mx/4.8.3/../../../../pic32mx/lib/libpic32.a(default-general-exception-handler.o)
 .debug_line    0x00000e9c       0xa8 /opt/microchip/xc32/v1.42/bin/bin/../../lib/gcc/pic32mx/4.8.3/../../../../pic32mx/lib/libpic32.a(defaultinterrupt.o)

.debug_frame    0x00000000      0x604
 *(.debug_frame)
 .debug_frame   0x00000000       0x2c build/default/production/main.o
 .debug_frame   0x0000002c      0x314 build/default/production/mipslabfunk.o
 .debug_frame   0x00000340       0xcc build/default/production/mipslabwork.o
 .debug_frame   0x0000040c       0x64 build/default/production/stubs.o
 .debug_frame   0x00000470      0x11c build/default/production/OledFunc.o
 .debug_frame   0x0000058c       0x2c /opt/microchip/xc32/v1.42/bin/bin/../../lib/gcc/pic32mx/4.8.3/../../../../pic32mx/lib/libpic32.a(default-bootstrap-exception-handler.o)
 .debug_frame   0x000005b8       0x2c /opt/microchip/xc32/v1.42/bin/bin/../../lib/gcc/pic32mx/4.8.3/../../../../pic32mx/lib/libpic32.a(default-general-exception-handler.o)
 .debug_frame   0x000005e4       0x20 /opt/microchip/xc32/v1.42/bin/bin/../../lib/gcc/pic32mx/4.8.3/../../../../pic32mx/lib/libpic32.a(defaultinterrupt.o)

.debug_str      0x00000000       0x24
 *(.debug_str)
 .debug_str     0x00000000        0x0 build/default/production/main.o
 .debug_str     0x00000000        0x0 build/default/production/mipslabdata.o
 .debug_str     0x00000000        0x0 build/default/production/mipslabfunk.o
 .debug_str     0x00000000        0xa build/default/production/mipslabwork.o
 .debug_str     0x0000000a        0x0 build/default/production/stubs.o
 .debug_str     0x0000000a       0x1a build/default/production/OledFunc.o
 .debug_str     0x00000024        0x0 /opt/microchip/xc32/v1.42/bin/bin/../../lib/gcc/pic32mx/4.8.3/../../../../pic32mx/lib/libpic32.a(default-bootstrap-exception-handler.o)
 .debug_str     0x00000024        0x0 /opt/microchip/xc32/v1.42/bin/bin/../../lib/gcc/pic32mx/4.8.3/../../../../pic32mx/lib/libpic32.a(default-general-exception-handler.o)
 .debug_str     0x00000024        0x0 /opt/microchip/xc32/v1.42/bin/bin/../../lib/gcc/pic32mx/4.8.3/../../../../pic32mx/lib/libpic32.a(defaultinterrupt.o)

.debug_loc
 *(.debug_loc)

.debug_macinfo
 *(.debug_macinfo)

.debug_weaknames
 *(.debug_weaknames)

.debug_funcnames
 *(.debug_funcnames)

.debug_typenames
 *(.debug_typenames)

.debug_varnames
 *(.debug_varnames)

.debug_pubtypes
 *(.debug_pubtypes)

.debug_ranges   0x00000000      0x250
 *(.debug_ranges)
 .debug_ranges  0x00000000      0x220 build/default/production/vectors.o
 .debug_ranges  0x00000220       0x10 /opt/microchip/xc32/v1.42/bin/bin/../../lib/gcc/pic32mx/4.8.3/../../../../pic32mx/lib/libpic32.a(default-bootstrap-exception-handler.o)
 .debug_ranges  0x00000230       0x10 /opt/microchip/xc32/v1.42/bin/bin/../../lib/gcc/pic32mx/4.8.3/../../../../pic32mx/lib/libpic32.a(default-general-exception-handler.o)
 .debug_ranges  0x00000240       0x10 /opt/microchip/xc32/v1.42/bin/bin/../../lib/gcc/pic32mx/4.8.3/../../../../pic32mx/lib/libpic32.a(defaultinterrupt.o)

.gnu.attributes
                0x00000000       0x10
 *(.gnu.attributes)
 .gnu.attributes
                0x00000000       0x10 build/default/production/main.o
 .gnu.attributes
                0x00000010       0x10 build/default/production/mipslabdata.o
 .gnu.attributes
                0x00000020       0x10 build/default/production/mipslabfunk.o
 .gnu.attributes
                0x00000030       0x10 build/default/production/mipslabwork.o
 .gnu.attributes
                0x00000040       0x10 build/default/production/stubs.o
 .gnu.attributes
                0x00000050       0x10 build/default/production/OledFunc.o
 .gnu.attributes
                0x00000060       0x10 /opt/microchip/xc32/v1.42/bin/bin/../../lib/gcc/pic32mx/4.8.3/../../../../pic32mx/lib/libpic32.a(default-bootstrap-exception-handler.o)
 .gnu.attributes
                0x00000070       0x10 /opt/microchip/xc32/v1.42/bin/bin/../../lib/gcc/pic32mx/4.8.3/../../../../pic32mx/lib/libpic32.a(default-general-exception-handler.o)
 .gnu.attributes
                0x00000080       0x10 /opt/microchip/xc32/v1.42/bin/bin/../../lib/gcc/pic32mx/4.8.3/../../../../pic32mx/lib/libpic32.a(defaultinterrupt.o)
LOAD /opt/microchip/xc32/v1.42/bin/bin/../../lib/gcc/pic32mx/4.8.3/libgcc.a
START GROUP
LOAD /opt/microchip/xc32/v1.42/bin/bin/../../lib/gcc/pic32mx/4.8.3/../../../../pic32mx/lib/libpic32.a
LOAD /opt/microchip/xc32/v1.42/bin/bin/../../lib/gcc/pic32mx/4.8.3/../../../../pic32mx/lib/libdebug.a
LOAD /opt/microchip/xc32/v1.42/bin/bin/../../lib/gcc/pic32mx/4.8.3/../../../../pic32mx/lib/libpic32.a
LOAD /opt/microchip/xc32/v1.42/bin/bin/../../lib/gcc/pic32mx/4.8.3/../../../../pic32mx/lib/libm.a
LOAD /opt/microchip/xc32/v1.42/bin/bin/../../lib/gcc/pic32mx/4.8.3/../../../../pic32mx/lib/libe.a
LOAD /opt/microchip/xc32/v1.42/bin/bin/../../lib/gcc/pic32mx/4.8.3/../../../../pic32mx/lib/libdsp.a
LOAD /opt/microchip/xc32/v1.42/bin/bin/../../lib/gcc/pic32mx/4.8.3/libgcc.a
LOAD /opt/microchip/xc32/v1.42/bin/bin/../../lib/gcc/pic32mx/4.8.3/../../../../pic32mx/lib/liblega-c.a
LOAD /opt/microchip/xc32/v1.42/bin/bin/../../lib/gcc/pic32mx/4.8.3/../../../../pic32mx/lib/libpic32.a
END GROUP
LOAD /opt/microchip/xc32/v1.42/bin/bin/../../lib/gcc/pic32mx/4.8.3/libgcc.a
OUTPUT(dist/default/production/PONG-spel-new.X.production.elf elf32-tradlittlemips)
LOAD stack
LOAD data_init

.reginfo        0x00000000       0x18
 .reginfo       0x00000000       0x18 /opt/microchip/xc32/v1.42/bin/bin/../../lib/gcc/pic32mx/4.8.3/../../../../pic32mx/lib/./proc/32MX320F128H/crt0_mips32r2.o

.stack          0xa00014d0      0x400
 .stack         0xa00014d0      0x400 stack

.data           0xa0001464       0x28
 .data          0xa0001464       0x28 build/default/production/mipslabwork.o
                0xa0001464                textstring

.bss            0xa000148c       0x18
 .bss           0xa000148c       0x18 build/default/production/mipslabfunk.o

.bss            0x00000000        0x0
 .bss           0x00000000        0x0 /opt/microchip/xc32/v1.42/bin/bin/../../lib/gcc/pic32mx/4.8.3/../../../../pic32mx/lib/libpic32.a(defaultinterrupt.o)

.data           0x00000000        0x0
 .data          0x00000000        0x0 /opt/microchip/xc32/v1.42/bin/bin/../../lib/gcc/pic32mx/4.8.3/../../../../pic32mx/lib/libpic32.a(defaultinterrupt.o)

.bss            0x00000000        0x0
 .bss           0x00000000        0x0 /opt/microchip/xc32/v1.42/bin/bin/../../lib/gcc/pic32mx/4.8.3/../../../../pic32mx/lib/libpic32.a(default-general-exception-handler.o)

.data           0x00000000        0x0
 .data          0x00000000        0x0 /opt/microchip/xc32/v1.42/bin/bin/../../lib/gcc/pic32mx/4.8.3/../../../../pic32mx/lib/libpic32.a(default-general-exception-handler.o)

.bss            0x00000000        0x0
 .bss           0x00000000        0x0 /opt/microchip/xc32/v1.42/bin/bin/../../lib/gcc/pic32mx/4.8.3/../../../../pic32mx/lib/libpic32.a(vector44.o)

.data           0x00000000        0x0
 .data          0x00000000        0x0 /opt/microchip/xc32/v1.42/bin/bin/../../lib/gcc/pic32mx/4.8.3/../../../../pic32mx/lib/libpic32.a(vector44.o)

.bss            0x00000000        0x0
 .bss           0x00000000        0x0 /opt/microchip/xc32/v1.42/bin/bin/../../lib/gcc/pic32mx/4.8.3/../../../../pic32mx/lib/libpic32.a(vector43.o)

.data           0x00000000        0x0
 .data          0x00000000        0x0 /opt/microchip/xc32/v1.42/bin/bin/../../lib/gcc/pic32mx/4.8.3/../../../../pic32mx/lib/libpic32.a(vector43.o)

.bss            0x00000000        0x0
 .bss           0x00000000        0x0 /opt/microchip/xc32/v1.42/bin/bin/../../lib/gcc/pic32mx/4.8.3/../../../../pic32mx/lib/libpic32.a(vector42.o)

.data           0x00000000        0x0
 .data          0x00000000        0x0 /opt/microchip/xc32/v1.42/bin/bin/../../lib/gcc/pic32mx/4.8.3/../../../../pic32mx/lib/libpic32.a(vector42.o)

.bss            0x00000000        0x0
 .bss           0x00000000        0x0 /opt/microchip/xc32/v1.42/bin/bin/../../lib/gcc/pic32mx/4.8.3/../../../../pic32mx/lib/libpic32.a(vector41.o)

.data           0x00000000        0x0
 .data          0x00000000        0x0 /opt/microchip/xc32/v1.42/bin/bin/../../lib/gcc/pic32mx/4.8.3/../../../../pic32mx/lib/libpic32.a(vector41.o)

.bss            0x00000000        0x0
 .bss           0x00000000        0x0 /opt/microchip/xc32/v1.42/bin/bin/../../lib/gcc/pic32mx/4.8.3/../../../../pic32mx/lib/libpic32.a(vector40.o)

.data           0x00000000        0x0
 .data          0x00000000        0x0 /opt/microchip/xc32/v1.42/bin/bin/../../lib/gcc/pic32mx/4.8.3/../../../../pic32mx/lib/libpic32.a(vector40.o)

.bss            0x00000000        0x0
 .bss           0x00000000        0x0 /opt/microchip/xc32/v1.42/bin/bin/../../lib/gcc/pic32mx/4.8.3/../../../../pic32mx/lib/libpic32.a(vector39.o)

.data           0x00000000        0x0
 .data          0x00000000        0x0 /opt/microchip/xc32/v1.42/bin/bin/../../lib/gcc/pic32mx/4.8.3/../../../../pic32mx/lib/libpic32.a(vector39.o)

.bss            0x00000000        0x0
 .bss           0x00000000        0x0 /opt/microchip/xc32/v1.42/bin/bin/../../lib/gcc/pic32mx/4.8.3/../../../../pic32mx/lib/libpic32.a(vector38.o)

.data           0x00000000        0x0
 .data          0x00000000        0x0 /opt/microchip/xc32/v1.42/bin/bin/../../lib/gcc/pic32mx/4.8.3/../../../../pic32mx/lib/libpic32.a(vector38.o)

.bss            0x00000000        0x0
 .bss           0x00000000        0x0 /opt/microchip/xc32/v1.42/bin/bin/../../lib/gcc/pic32mx/4.8.3/../../../../pic32mx/lib/libpic32.a(vector37.o)

.data           0x00000000        0x0
 .data          0x00000000        0x0 /opt/microchip/xc32/v1.42/bin/bin/../../lib/gcc/pic32mx/4.8.3/../../../../pic32mx/lib/libpic32.a(vector37.o)

.bss            0x00000000        0x0
 .bss           0x00000000        0x0 /opt/microchip/xc32/v1.42/bin/bin/../../lib/gcc/pic32mx/4.8.3/../../../../pic32mx/lib/libpic32.a(vector36.o)

.data           0x00000000        0x0
 .data          0x00000000        0x0 /opt/microchip/xc32/v1.42/bin/bin/../../lib/gcc/pic32mx/4.8.3/../../../../pic32mx/lib/libpic32.a(vector36.o)

.bss            0x00000000        0x0
 .bss           0x00000000        0x0 /opt/microchip/xc32/v1.42/bin/bin/../../lib/gcc/pic32mx/4.8.3/../../../../pic32mx/lib/libpic32.a(vector35.o)

.data           0x00000000        0x0
 .data          0x00000000        0x0 /opt/microchip/xc32/v1.42/bin/bin/../../lib/gcc/pic32mx/4.8.3/../../../../pic32mx/lib/libpic32.a(vector35.o)

.bss            0x00000000        0x0
 .bss           0x00000000        0x0 /opt/microchip/xc32/v1.42/bin/bin/../../lib/gcc/pic32mx/4.8.3/../../../../pic32mx/lib/libpic32.a(vector34.o)

.data           0x00000000        0x0
 .data          0x00000000        0x0 /opt/microchip/xc32/v1.42/bin/bin/../../lib/gcc/pic32mx/4.8.3/../../../../pic32mx/lib/libpic32.a(vector34.o)

.bss            0x00000000        0x0
 .bss           0x00000000        0x0 /opt/microchip/xc32/v1.42/bin/bin/../../lib/gcc/pic32mx/4.8.3/../../../../pic32mx/lib/libpic32.a(vector33.o)

.data           0x00000000        0x0
 .data          0x00000000        0x0 /opt/microchip/xc32/v1.42/bin/bin/../../lib/gcc/pic32mx/4.8.3/../../../../pic32mx/lib/libpic32.a(vector33.o)

.bss            0x00000000        0x0
 .bss           0x00000000        0x0 /opt/microchip/xc32/v1.42/bin/bin/../../lib/gcc/pic32mx/4.8.3/../../../../pic32mx/lib/libpic32.a(vector32.o)

.data           0x00000000        0x0
 .data          0x00000000        0x0 /opt/microchip/xc32/v1.42/bin/bin/../../lib/gcc/pic32mx/4.8.3/../../../../pic32mx/lib/libpic32.a(vector32.o)

.bss            0x00000000        0x0
 .bss           0x00000000        0x0 /opt/microchip/xc32/v1.42/bin/bin/../../lib/gcc/pic32mx/4.8.3/../../../../pic32mx/lib/libpic32.a(vector31.o)

.data           0x00000000        0x0
 .data          0x00000000        0x0 /opt/microchip/xc32/v1.42/bin/bin/../../lib/gcc/pic32mx/4.8.3/../../../../pic32mx/lib/libpic32.a(vector31.o)

.bss            0x00000000        0x0
 .bss           0x00000000        0x0 /opt/microchip/xc32/v1.42/bin/bin/../../lib/gcc/pic32mx/4.8.3/../../../../pic32mx/lib/libpic32.a(vector30.o)

.data           0x00000000        0x0
 .data          0x00000000        0x0 /opt/microchip/xc32/v1.42/bin/bin/../../lib/gcc/pic32mx/4.8.3/../../../../pic32mx/lib/libpic32.a(vector30.o)

.bss            0x00000000        0x0
 .bss           0x00000000        0x0 /opt/microchip/xc32/v1.42/bin/bin/../../lib/gcc/pic32mx/4.8.3/../../../../pic32mx/lib/libpic32.a(vector29.o)

.data           0x00000000        0x0
 .data          0x00000000        0x0 /opt/microchip/xc32/v1.42/bin/bin/../../lib/gcc/pic32mx/4.8.3/../../../../pic32mx/lib/libpic32.a(vector29.o)

.bss            0x00000000        0x0
 .bss           0x00000000        0x0 /opt/microchip/xc32/v1.42/bin/bin/../../lib/gcc/pic32mx/4.8.3/../../../../pic32mx/lib/libpic32.a(vector28.o)

.data           0x00000000        0x0
 .data          0x00000000        0x0 /opt/microchip/xc32/v1.42/bin/bin/../../lib/gcc/pic32mx/4.8.3/../../../../pic32mx/lib/libpic32.a(vector28.o)

.bss            0x00000000        0x0
 .bss           0x00000000        0x0 /opt/microchip/xc32/v1.42/bin/bin/../../lib/gcc/pic32mx/4.8.3/../../../../pic32mx/lib/libpic32.a(vector27.o)

.data           0x00000000        0x0
 .data          0x00000000        0x0 /opt/microchip/xc32/v1.42/bin/bin/../../lib/gcc/pic32mx/4.8.3/../../../../pic32mx/lib/libpic32.a(vector27.o)

.bss            0x00000000        0x0
 .bss           0x00000000        0x0 /opt/microchip/xc32/v1.42/bin/bin/../../lib/gcc/pic32mx/4.8.3/../../../../pic32mx/lib/libpic32.a(vector26.o)

.data           0x00000000        0x0
 .data          0x00000000        0x0 /opt/microchip/xc32/v1.42/bin/bin/../../lib/gcc/pic32mx/4.8.3/../../../../pic32mx/lib/libpic32.a(vector26.o)

.bss            0x00000000        0x0
 .bss           0x00000000        0x0 /opt/microchip/xc32/v1.42/bin/bin/../../lib/gcc/pic32mx/4.8.3/../../../../pic32mx/lib/libpic32.a(vector25.o)

.data           0x00000000        0x0
 .data          0x00000000        0x0 /opt/microchip/xc32/v1.42/bin/bin/../../lib/gcc/pic32mx/4.8.3/../../../../pic32mx/lib/libpic32.a(vector25.o)

.bss            0x00000000        0x0
 .bss           0x00000000        0x0 /opt/microchip/xc32/v1.42/bin/bin/../../lib/gcc/pic32mx/4.8.3/../../../../pic32mx/lib/libpic32.a(vector24.o)

.data           0x00000000        0x0
 .data          0x00000000        0x0 /opt/microchip/xc32/v1.42/bin/bin/../../lib/gcc/pic32mx/4.8.3/../../../../pic32mx/lib/libpic32.a(vector24.o)

.bss            0x00000000        0x0
 .bss           0x00000000        0x0 /opt/microchip/xc32/v1.42/bin/bin/../../lib/gcc/pic32mx/4.8.3/../../../../pic32mx/lib/libpic32.a(vector23.o)

.data           0x00000000        0x0
 .data          0x00000000        0x0 /opt/microchip/xc32/v1.42/bin/bin/../../lib/gcc/pic32mx/4.8.3/../../../../pic32mx/lib/libpic32.a(vector23.o)

.bss            0x00000000        0x0
 .bss           0x00000000        0x0 /opt/microchip/xc32/v1.42/bin/bin/../../lib/gcc/pic32mx/4.8.3/../../../../pic32mx/lib/libpic32.a(vector22.o)

.data           0x00000000        0x0
 .data          0x00000000        0x0 /opt/microchip/xc32/v1.42/bin/bin/../../lib/gcc/pic32mx/4.8.3/../../../../pic32mx/lib/libpic32.a(vector22.o)

.bss            0x00000000        0x0
 .bss           0x00000000        0x0 /opt/microchip/xc32/v1.42/bin/bin/../../lib/gcc/pic32mx/4.8.3/../../../../pic32mx/lib/libpic32.a(vector21.o)

.data           0x00000000        0x0
 .data          0x00000000        0x0 /opt/microchip/xc32/v1.42/bin/bin/../../lib/gcc/pic32mx/4.8.3/../../../../pic32mx/lib/libpic32.a(vector21.o)

.bss            0x00000000        0x0
 .bss           0x00000000        0x0 /opt/microchip/xc32/v1.42/bin/bin/../../lib/gcc/pic32mx/4.8.3/../../../../pic32mx/lib/libpic32.a(vector20.o)

.data           0x00000000        0x0
 .data          0x00000000        0x0 /opt/microchip/xc32/v1.42/bin/bin/../../lib/gcc/pic32mx/4.8.3/../../../../pic32mx/lib/libpic32.a(vector20.o)

.bss            0x00000000        0x0
 .bss           0x00000000        0x0 /opt/microchip/xc32/v1.42/bin/bin/../../lib/gcc/pic32mx/4.8.3/../../../../pic32mx/lib/libpic32.a(vector19.o)

.data           0x00000000        0x0
 .data          0x00000000        0x0 /opt/microchip/xc32/v1.42/bin/bin/../../lib/gcc/pic32mx/4.8.3/../../../../pic32mx/lib/libpic32.a(vector19.o)

.bss            0x00000000        0x0
 .bss           0x00000000        0x0 /opt/microchip/xc32/v1.42/bin/bin/../../lib/gcc/pic32mx/4.8.3/../../../../pic32mx/lib/libpic32.a(vector18.o)

.data           0x00000000        0x0
 .data          0x00000000        0x0 /opt/microchip/xc32/v1.42/bin/bin/../../lib/gcc/pic32mx/4.8.3/../../../../pic32mx/lib/libpic32.a(vector18.o)

.bss            0x00000000        0x0
 .bss           0x00000000        0x0 /opt/microchip/xc32/v1.42/bin/bin/../../lib/gcc/pic32mx/4.8.3/../../../../pic32mx/lib/libpic32.a(vector17.o)

.data           0x00000000        0x0
 .data          0x00000000        0x0 /opt/microchip/xc32/v1.42/bin/bin/../../lib/gcc/pic32mx/4.8.3/../../../../pic32mx/lib/libpic32.a(vector17.o)

.bss            0x00000000        0x0
 .bss           0x00000000        0x0 /opt/microchip/xc32/v1.42/bin/bin/../../lib/gcc/pic32mx/4.8.3/../../../../pic32mx/lib/libpic32.a(vector16.o)

.data           0x00000000        0x0
 .data          0x00000000        0x0 /opt/microchip/xc32/v1.42/bin/bin/../../lib/gcc/pic32mx/4.8.3/../../../../pic32mx/lib/libpic32.a(vector16.o)

.bss            0x00000000        0x0
 .bss           0x00000000        0x0 /opt/microchip/xc32/v1.42/bin/bin/../../lib/gcc/pic32mx/4.8.3/../../../../pic32mx/lib/libpic32.a(vector15.o)

.data           0x00000000        0x0
 .data          0x00000000        0x0 /opt/microchip/xc32/v1.42/bin/bin/../../lib/gcc/pic32mx/4.8.3/../../../../pic32mx/lib/libpic32.a(vector15.o)

.bss            0x00000000        0x0
 .bss           0x00000000        0x0 /opt/microchip/xc32/v1.42/bin/bin/../../lib/gcc/pic32mx/4.8.3/../../../../pic32mx/lib/libpic32.a(vector14.o)

.data           0x00000000        0x0
 .data          0x00000000        0x0 /opt/microchip/xc32/v1.42/bin/bin/../../lib/gcc/pic32mx/4.8.3/../../../../pic32mx/lib/libpic32.a(vector14.o)

.bss            0x00000000        0x0
 .bss           0x00000000        0x0 /opt/microchip/xc32/v1.42/bin/bin/../../lib/gcc/pic32mx/4.8.3/../../../../pic32mx/lib/libpic32.a(vector13.o)

.data           0x00000000        0x0
 .data          0x00000000        0x0 /opt/microchip/xc32/v1.42/bin/bin/../../lib/gcc/pic32mx/4.8.3/../../../../pic32mx/lib/libpic32.a(vector13.o)

.bss            0x00000000        0x0
 .bss           0x00000000        0x0 /opt/microchip/xc32/v1.42/bin/bin/../../lib/gcc/pic32mx/4.8.3/../../../../pic32mx/lib/libpic32.a(vector12.o)

.data           0x00000000        0x0
 .data          0x00000000        0x0 /opt/microchip/xc32/v1.42/bin/bin/../../lib/gcc/pic32mx/4.8.3/../../../../pic32mx/lib/libpic32.a(vector12.o)

.bss            0x00000000        0x0
 .bss           0x00000000        0x0 /opt/microchip/xc32/v1.42/bin/bin/../../lib/gcc/pic32mx/4.8.3/../../../../pic32mx/lib/libpic32.a(vector11.o)

.data           0x00000000        0x0
 .data          0x00000000        0x0 /opt/microchip/xc32/v1.42/bin/bin/../../lib/gcc/pic32mx/4.8.3/../../../../pic32mx/lib/libpic32.a(vector11.o)

.bss            0x00000000        0x0
 .bss           0x00000000        0x0 /opt/microchip/xc32/v1.42/bin/bin/../../lib/gcc/pic32mx/4.8.3/../../../../pic32mx/lib/libpic32.a(vector10.o)

.data           0x00000000        0x0
 .data          0x00000000        0x0 /opt/microchip/xc32/v1.42/bin/bin/../../lib/gcc/pic32mx/4.8.3/../../../../pic32mx/lib/libpic32.a(vector10.o)

.bss            0x00000000        0x0
 .bss           0x00000000        0x0 /opt/microchip/xc32/v1.42/bin/bin/../../lib/gcc/pic32mx/4.8.3/../../../../pic32mx/lib/libpic32.a(vector9.o)

.data           0x00000000        0x0
 .data          0x00000000        0x0 /opt/microchip/xc32/v1.42/bin/bin/../../lib/gcc/pic32mx/4.8.3/../../../../pic32mx/lib/libpic32.a(vector9.o)

.bss            0x00000000        0x0
 .bss           0x00000000        0x0 /opt/microchip/xc32/v1.42/bin/bin/../../lib/gcc/pic32mx/4.8.3/../../../../pic32mx/lib/libpic32.a(vector8.o)

.data           0x00000000        0x0
 .data          0x00000000        0x0 /opt/microchip/xc32/v1.42/bin/bin/../../lib/gcc/pic32mx/4.8.3/../../../../pic32mx/lib/libpic32.a(vector8.o)

.bss            0x00000000        0x0
 .bss           0x00000000        0x0 /opt/microchip/xc32/v1.42/bin/bin/../../lib/gcc/pic32mx/4.8.3/../../../../pic32mx/lib/libpic32.a(vector7.o)

.data           0x00000000        0x0
 .data          0x00000000        0x0 /opt/microchip/xc32/v1.42/bin/bin/../../lib/gcc/pic32mx/4.8.3/../../../../pic32mx/lib/libpic32.a(vector7.o)

.bss            0x00000000        0x0
 .bss           0x00000000        0x0 /opt/microchip/xc32/v1.42/bin/bin/../../lib/gcc/pic32mx/4.8.3/../../../../pic32mx/lib/libpic32.a(vector6.o)

.data           0x00000000        0x0
 .data          0x00000000        0x0 /opt/microchip/xc32/v1.42/bin/bin/../../lib/gcc/pic32mx/4.8.3/../../../../pic32mx/lib/libpic32.a(vector6.o)

.bss            0x00000000        0x0
 .bss           0x00000000        0x0 /opt/microchip/xc32/v1.42/bin/bin/../../lib/gcc/pic32mx/4.8.3/../../../../pic32mx/lib/libpic32.a(vector5.o)

.data           0x00000000        0x0
 .data          0x00000000        0x0 /opt/microchip/xc32/v1.42/bin/bin/../../lib/gcc/pic32mx/4.8.3/../../../../pic32mx/lib/libpic32.a(vector5.o)

.bss            0x00000000        0x0
 .bss           0x00000000        0x0 /opt/microchip/xc32/v1.42/bin/bin/../../lib/gcc/pic32mx/4.8.3/../../../../pic32mx/lib/libpic32.a(vector4.o)

.data           0x00000000        0x0
 .data          0x00000000        0x0 /opt/microchip/xc32/v1.42/bin/bin/../../lib/gcc/pic32mx/4.8.3/../../../../pic32mx/lib/libpic32.a(vector4.o)

.bss            0x00000000        0x0
 .bss           0x00000000        0x0 /opt/microchip/xc32/v1.42/bin/bin/../../lib/gcc/pic32mx/4.8.3/../../../../pic32mx/lib/libpic32.a(vector3.o)

.data           0x00000000        0x0
 .data          0x00000000        0x0 /opt/microchip/xc32/v1.42/bin/bin/../../lib/gcc/pic32mx/4.8.3/../../../../pic32mx/lib/libpic32.a(vector3.o)

.bss            0x00000000        0x0
 .bss           0x00000000        0x0 /opt/microchip/xc32/v1.42/bin/bin/../../lib/gcc/pic32mx/4.8.3/../../../../pic32mx/lib/libpic32.a(vector2.o)

.data           0x00000000        0x0
 .data          0x00000000        0x0 /opt/microchip/xc32/v1.42/bin/bin/../../lib/gcc/pic32mx/4.8.3/../../../../pic32mx/lib/libpic32.a(vector2.o)

.bss            0x00000000        0x0
 .bss           0x00000000        0x0 /opt/microchip/xc32/v1.42/bin/bin/../../lib/gcc/pic32mx/4.8.3/../../../../pic32mx/lib/libpic32.a(vector1.o)

.data           0x00000000        0x0
 .data          0x00000000        0x0 /opt/microchip/xc32/v1.42/bin/bin/../../lib/gcc/pic32mx/4.8.3/../../../../pic32mx/lib/libpic32.a(vector1.o)

.bss            0x00000000        0x0
 .bss           0x00000000        0x0 /opt/microchip/xc32/v1.42/bin/bin/../../lib/gcc/pic32mx/4.8.3/../../../../pic32mx/lib/libpic32.a(vector0.o)

.data           0x00000000        0x0
 .data          0x00000000        0x0 /opt/microchip/xc32/v1.42/bin/bin/../../lib/gcc/pic32mx/4.8.3/../../../../pic32mx/lib/libpic32.a(vector0.o)

.bss            0x00000000        0x0
 .bss           0x00000000        0x0 /opt/microchip/xc32/v1.42/bin/bin/../../lib/gcc/pic32mx/4.8.3/../../../../pic32mx/lib/libpic32.a(general-exception.o)

.data           0x00000000        0x0
 .data          0x00000000        0x0 /opt/microchip/xc32/v1.42/bin/bin/../../lib/gcc/pic32mx/4.8.3/../../../../pic32mx/lib/libpic32.a(general-exception.o)

.bss            0x00000000        0x0
 .bss           0x00000000        0x0 /opt/microchip/xc32/v1.42/bin/bin/../../lib/gcc/pic32mx/4.8.3/../../../../pic32mx/lib/libpic32.a(default-bootstrap-exception-handler.o)

.data           0x00000000        0x0
 .data          0x00000000        0x0 /opt/microchip/xc32/v1.42/bin/bin/../../lib/gcc/pic32mx/4.8.3/../../../../pic32mx/lib/libpic32.a(default-bootstrap-exception-handler.o)

.bss            0x00000000        0x0
 .bss           0x00000000        0x0 /opt/microchip/xc32/v1.42/bin/bin/../../lib/gcc/pic32mx/4.8.3/../../../../pic32mx/lib/./proc/32MX320F128H/processor.o

.data           0x00000000        0x0
 .data          0x00000000        0x0 /opt/microchip/xc32/v1.42/bin/bin/../../lib/gcc/pic32mx/4.8.3/../../../../pic32mx/lib/./proc/32MX320F128H/processor.o

.bss            0x00000000        0x0
 .bss           0x00000000        0x0 /opt/microchip/xc32/v1.42/bin/bin/../../lib/gcc/pic32mx/4.8.3/../../../../pic32mx/lib/pic32_software_reset.o

.data           0x00000000        0x0
 .data          0x00000000        0x0 /opt/microchip/xc32/v1.42/bin/bin/../../lib/gcc/pic32mx/4.8.3/../../../../pic32mx/lib/pic32_software_reset.o

.bss            0x00000000        0x0
 .bss           0x00000000        0x0 /opt/microchip/xc32/v1.42/bin/bin/../../lib/gcc/pic32mx/4.8.3/../../../../pic32mx/lib/./proc/32MX320F128H/default_isr_vectors.o

.data           0x00000000        0x0
 .data          0x00000000        0x0 /opt/microchip/xc32/v1.42/bin/bin/../../lib/gcc/pic32mx/4.8.3/../../../../pic32mx/lib/./proc/32MX320F128H/default_isr_vectors.o

.bss            0x00000000        0x0
 .bss           0x00000000        0x0 build/default/production/OledFunc.o

.data           0x00000000        0x0
 .data          0x00000000        0x0 build/default/production/OledFunc.o

.bss            0x00000000        0x0
 .bss           0x00000000        0x0 build/default/production/stubs.o

.data           0x00000000        0x0
 .data          0x00000000        0x0 build/default/production/stubs.o

.bss            0x00000000        0x0
 .bss           0x00000000        0x0 build/default/production/vectors.o

.data           0x00000000        0x0
 .data          0x00000000        0x0 build/default/production/vectors.o

.bss            0x00000000        0x0
 .bss           0x00000000        0x0 build/default/production/mipslabwork.o

.data           0x00000000        0x0
 .data          0x00000000        0x0 build/default/production/mipslabfunk.o

.bss            0x00000000        0x0
 .bss           0x00000000        0x0 build/default/production/mipslabdata.o

.data           0x00000000        0x0
 .data          0x00000000        0x0 build/default/production/mipslabdata.o

.bss            0x00000000        0x0
 .bss           0x00000000        0x0 build/default/production/labwork.o

.data           0x00000000        0x0
 .data          0x00000000        0x0 build/default/production/labwork.o

.bss            0x00000000        0x0
 .bss           0x00000000        0x0 build/default/production/main.o

.data           0x00000000        0x0
 .data          0x00000000        0x0 build/default/production/main.o

.bss            0x00000000        0x0
 .bss           0x00000000        0x0 /opt/microchip/xc32/v1.42/bin/bin/../../lib/gcc/pic32mx/4.8.3/../../../../pic32mx/lib/debug-exception-return.o

.data           0x00000000        0x0
 .data          0x00000000        0x0 /opt/microchip/xc32/v1.42/bin/bin/../../lib/gcc/pic32mx/4.8.3/../../../../pic32mx/lib/debug-exception-return.o

.bss            0x00000000        0x0
 .bss           0x00000000        0x0 /opt/microchip/xc32/v1.42/bin/bin/../../lib/gcc/pic32mx/4.8.3/../../../../pic32mx/lib/./proc/32MX320F128H/crt0_mips32r2.o

.data           0x00000000        0x0
 .data          0x00000000        0x0 /opt/microchip/xc32/v1.42/bin/bin/../../lib/gcc/pic32mx/4.8.3/../../../../pic32mx/lib/./proc/32MX320F128H/crt0_mips32r2.o

._debug_exception
                0xbfc00480       0x2c
 ._debug_exception
                0xbfc00480       0x2c /opt/microchip/xc32/v1.42/bin/bin/../../lib/gcc/pic32mx/4.8.3/../../../../pic32mx/lib/debug-exception-return.o
                0xbfc00480                __DbgExecReturn

.text           0x9d000000     0x19fc
 .text          0x9d000000     0x19fc build/default/production/mipslabfunk.o
                0x9d000000                quicksleep
                0x9d00004c                tick
                0x9d00015c                display_debug
                0x9d0001ec                spi_send_recv
                0x9d00025c                display_init
                0x9d000388                display_string
                0x9d000480                display_image
                0x9d0005b0                display_screen
                0x9d0006d8                display_matrix
                0x9d000800                display_update
                0x9d000a18                ball_to_matrix
                0x9d000ad8                paddle1_to_matrix
                0x9d000b98                paddle2_to_matrix
                0x9d000c5c                score_to_matrix
                0x9d001274                ui_to_matrix
                0x9d001318                clear_matrix
                0x9d0013a8                clear_textbuffer2
                0x9d001404                SetBit
                0x9d00149c                ClearBit
                0x9d001528                matrix_to_textbuffer
                0x9d00169c                nextprime
                0x9d0017c8                itoaconv
                0x9d001948                matrix_to_oled

.rodata         0x9d0019fc      0x9ac
 .rodata        0x9d0019fc      0x9ac build/default/production/mipslabdata.o
                0x9d0019fc                font
                0x9d001dfc                icon
                0x9d001e7c                scorezero
                0x9d001ebc                scoreone
                0x9d001efc                scoretwo
                0x9d001f3c                scorethree
                0x9d001f7c                paddle1
                0x9d001f90                paddle2
                0x9d001fa4                ball
                0x9d001fa8                test

.text           0x9d0023a8     0x1284
 .text          0x9d0023a8      0x7f8 build/default/production/mipslabwork.o
                0x9d0023a8                random
                0x9d0024b4                _isr
                0x9d00254c                labinit
                0x9d0026ec                labwork
                0x9d002828                gamestart
                0x9d002854                gameplay
 .text          0x9d002ba0      0x6a4 build/default/production/OledFunc.o
                0x9d002ba0                OledMoveTo
                0x9d002c3c                OledGetPos
                0x9d002c7c                OledPutBmp
                0x9d003008                OledMoveUp
                0x9d003078                OledMoveDown
                0x9d0030e8                OledMoveLeft
                0x9d00313c                OledMoveRight
                0x9d003194                OledClampXco
                0x9d0031ec                OledClampYco
 .text          0x9d003244      0x210 build/default/production/main.o
                0x9d003244                main
 .text          0x9d003454      0x1d8 build/default/production/labwork.o
                0x9d003454                enable_interrupt
                0x9d003494                delay
                0x9d0034d8                time2string

.text           0x9d003630      0x1b0
 .text          0x9d003630      0x1b0 build/default/production/vectors.o
                0x9d003630                __use_isr_install
                0x9d003630                _isr_primary_install
                0x9d003730                _isr_trampoline

.text.general_exception
                0x9d0037e0       0xdc
 .text.general_exception
                0x9d0037e0       0xdc /opt/microchip/xc32/v1.42/bin/bin/../../lib/gcc/pic32mx/4.8.3/../../../../pic32mx/lib/libpic32.a(general-exception.o)
                0x9d0037e0                _general_exception_context

.dinit          0x9d0038bc       0xa0
 .dinit         0x9d0038bc       0xa0 data_init

.text.main_entry
                0x9d00395c       0x54
 .text.main_entry
                0x9d00395c       0x54 /opt/microchip/xc32/v1.42/bin/bin/../../lib/gcc/pic32mx/4.8.3/../../../../pic32mx/lib/./proc/32MX320F128H/crt0_mips32r2.o
                0x9d003990                __crt0_exit

.text           0x9d0039b0       0x54
 .text          0x9d0039b0       0x54 build/default/production/stubs.o
                0x9d0039b0                _nmi_handler
                0x9d0039c4                _on_reset
                0x9d0039e4                _on_bootstrap

.text._bootstrap_exception_handler
                0x9d003a04       0x48
 .text._bootstrap_exception_handler
                0x9d003a04       0x48 /opt/microchip/xc32/v1.42/bin/bin/../../lib/gcc/pic32mx/4.8.3/../../../../pic32mx/lib/libpic32.a(default-bootstrap-exception-handler.o)
                0x9d003a04                _bootstrap_exception_handler

.text._general_exception_handler
                0x9d003a4c       0x48
 .text._general_exception_handler
                0x9d003a4c       0x48 /opt/microchip/xc32/v1.42/bin/bin/../../lib/gcc/pic32mx/4.8.3/../../../../pic32mx/lib/libpic32.a(default-general-exception-handler.o)
                0x9d003a4c                _general_exception_handler

.vector_default
                0x9d003a94       0x48
 .vector_default
                0x9d003a94       0x48 /opt/microchip/xc32/v1.42/bin/bin/../../lib/gcc/pic32mx/4.8.3/../../../../pic32mx/lib/libpic32.a(defaultinterrupt.o)
                0x9d003a94                _DefaultInterrupt

.text           0x9d003adc       0x44
 .text          0x9d003adc       0x44 /opt/microchip/xc32/v1.42/bin/bin/../../lib/gcc/pic32mx/4.8.3/../../../../pic32mx/lib/pic32_software_reset.o
                0x9d003adc                __pic32_software_reset

.rodata         0x9d003b20       0x60
 .rodata        0x9d003b20       0x30 build/default/production/main.o
 .rodata        0x9d003b50       0x30 build/default/production/mipslabfunk.o

.vector_new_0   0x9d003b80       0x20
 .vector_new_0  0x9d003b80       0x20 build/default/production/vectors.o
                0x9d003b80                __vector_0

.vector_new_1   0x9d003ba0       0x20
 .vector_new_1  0x9d003ba0       0x20 build/default/production/vectors.o
                0x9d003ba0                __vector_1

.vector_new_2   0x9d003bc0       0x20
 .vector_new_2  0x9d003bc0       0x20 build/default/production/vectors.o
                0x9d003bc0                __vector_2

.vector_new_3   0x9d003be0       0x20
 .vector_new_3  0x9d003be0       0x20 build/default/production/vectors.o
                0x9d003be0                __vector_3

.vector_new_4   0x9d003c00       0x20
 .vector_new_4  0x9d003c00       0x20 build/default/production/vectors.o
                0x9d003c00                __vector_4

.vector_new_5   0x9d003c20       0x20
 .vector_new_5  0x9d003c20       0x20 build/default/production/vectors.o
                0x9d003c20                __vector_5

.vector_new_6   0x9d003c40       0x20
 .vector_new_6  0x9d003c40       0x20 build/default/production/vectors.o
                0x9d003c40                __vector_6

.vector_new_7   0x9d003c60       0x20
 .vector_new_7  0x9d003c60       0x20 build/default/production/vectors.o
                0x9d003c60                __vector_7

.vector_new_8   0x9d003c80       0x20
 .vector_new_8  0x9d003c80       0x20 build/default/production/vectors.o
                0x9d003c80                __vector_8

.vector_new_9   0x9d003ca0       0x20
 .vector_new_9  0x9d003ca0       0x20 build/default/production/vectors.o
                0x9d003ca0                __vector_9

.vector_new_10  0x9d003cc0       0x20
 .vector_new_10
                0x9d003cc0       0x20 build/default/production/vectors.o
                0x9d003cc0                __vector_10

.vector_new_11  0x9d003ce0       0x20
 .vector_new_11
                0x9d003ce0       0x20 build/default/production/vectors.o
                0x9d003ce0                __vector_11

.vector_new_12  0x9d003d00       0x20
 .vector_new_12
                0x9d003d00       0x20 build/default/production/vectors.o
                0x9d003d00                __vector_12

.vector_new_13  0x9d003d20       0x20
 .vector_new_13
                0x9d003d20       0x20 build/default/production/vectors.o
                0x9d003d20                __vector_13

.vector_new_14  0x9d003d40       0x20
 .vector_new_14
                0x9d003d40       0x20 build/default/production/vectors.o
                0x9d003d40                __vector_14

.vector_new_15  0x9d003d60       0x20
 .vector_new_15
                0x9d003d60       0x20 build/default/production/vectors.o
                0x9d003d60                __vector_15

.vector_new_16  0x9d003d80       0x20
 .vector_new_16
                0x9d003d80       0x20 build/default/production/vectors.o
                0x9d003d80                __vector_16

.vector_new_17  0x9d003da0       0x20
 .vector_new_17
                0x9d003da0       0x20 build/default/production/vectors.o
                0x9d003da0                __vector_17

.vector_new_18  0x9d003dc0       0x20
 .vector_new_18
                0x9d003dc0       0x20 build/default/production/vectors.o
                0x9d003dc0                __vector_18

.vector_new_19  0x9d003de0       0x20
 .vector_new_19
                0x9d003de0       0x20 build/default/production/vectors.o
                0x9d003de0                __vector_19

.vector_new_20  0x9d003e00       0x20
 .vector_new_20
                0x9d003e00       0x20 build/default/production/vectors.o
                0x9d003e00                __vector_20

.vector_new_21  0x9d003e20       0x20
 .vector_new_21
                0x9d003e20       0x20 build/default/production/vectors.o
                0x9d003e20                __vector_21

.vector_new_22  0x9d003e40       0x20
 .vector_new_22
                0x9d003e40       0x20 build/default/production/vectors.o
                0x9d003e40                __vector_22

.vector_new_23  0x9d003e60       0x20
 .vector_new_23
                0x9d003e60       0x20 build/default/production/vectors.o
                0x9d003e60                __vector_23

.vector_new_24  0x9d003e80       0x20
 .vector_new_24
                0x9d003e80       0x20 build/default/production/vectors.o
                0x9d003e80                __vector_24

.vector_new_25  0x9d003ea0       0x20
 .vector_new_25
                0x9d003ea0       0x20 build/default/production/vectors.o
                0x9d003ea0                __vector_25

.vector_new_26  0x9d003ec0       0x20
 .vector_new_26
                0x9d003ec0       0x20 build/default/production/vectors.o
                0x9d003ec0                __vector_26

.vector_new_27  0x9d003ee0       0x20
 .vector_new_27
                0x9d003ee0       0x20 build/default/production/vectors.o
                0x9d003ee0                __vector_27

.vector_new_28  0x9d003f00       0x20
 .vector_new_28
                0x9d003f00       0x20 build/default/production/vectors.o
                0x9d003f00                __vector_28

.vector_new_29  0x9d003f20       0x20
 .vector_new_29
                0x9d003f20       0x20 build/default/production/vectors.o
                0x9d003f20                __vector_29

.vector_new_30  0x9d003f40       0x20
 .vector_new_30
                0x9d003f40       0x20 build/default/production/vectors.o
                0x9d003f40                __vector_30

.vector_new_31  0x9d003f60       0x20
 .vector_new_31
                0x9d003f60       0x20 build/default/production/vectors.o
                0x9d003f60                __vector_31

.vector_new_32  0x9d003f80       0x20
 .vector_new_32
                0x9d003f80       0x20 build/default/production/vectors.o
                0x9d003f80                __vector_32

.vector_new_33  0x9d003fa0       0x20
 .vector_new_33
                0x9d003fa0       0x20 build/default/production/vectors.o
                0x9d003fa0                __vector_33

.vector_new_34  0x9d003fc0       0x20
 .vector_new_34
                0x9d003fc0       0x20 build/default/production/vectors.o
                0x9d003fc0                __vector_34

.vector_new_35  0x9d003fe0       0x20
 .vector_new_35
                0x9d003fe0       0x20 build/default/production/vectors.o
                0x9d003fe0                __vector_35

.vector_new_36  0x9d004000       0x20
 .vector_new_36
                0x9d004000       0x20 build/default/production/vectors.o
                0x9d004000                __vector_36

.vector_new_37  0x9d004020       0x20
 .vector_new_37
                0x9d004020       0x20 build/default/production/vectors.o
                0x9d004020                __vector_37

.vector_new_38  0x9d004040       0x20
 .vector_new_38
                0x9d004040       0x20 build/default/production/vectors.o
                0x9d004040                __vector_38

.vector_new_39  0x9d004060       0x20
 .vector_new_39
                0x9d004060       0x20 build/default/production/vectors.o
                0x9d004060                __vector_39

.vector_new_40  0x9d004080       0x20
 .vector_new_40
                0x9d004080       0x20 build/default/production/vectors.o
                0x9d004080                __vector_40

.vector_new_41  0x9d0040a0       0x20
 .vector_new_41
                0x9d0040a0       0x20 build/default/production/vectors.o
                0x9d0040a0                __vector_41

.vector_new_42  0x9d0040c0       0x20
 .vector_new_42
                0x9d0040c0       0x20 build/default/production/vectors.o
                0x9d0040c0                __vector_42

.vector_new_43  0x9d0040e0       0x20
 .vector_new_43
                0x9d0040e0       0x20 build/default/production/vectors.o
                0x9d0040e0                __vector_43

.vector_new_44  0x9d004100       0x20
 .vector_new_44
                0x9d004100       0x20 build/default/production/vectors.o
                0x9d004100                __vector_44

.vector_new_45  0x9d004120       0x20
 .vector_new_45
                0x9d004120       0x20 build/default/production/vectors.o
                0x9d004120                __vector_45

.vector_new_46  0x9d004140       0x20
 .vector_new_46
                0x9d004140       0x20 build/default/production/vectors.o
                0x9d004140                __vector_46

.vector_new_47  0x9d004160       0x20
 .vector_new_47
                0x9d004160       0x20 build/default/production/vectors.o
                0x9d004160                __vector_47

.vector_new_48  0x9d004180       0x20
 .vector_new_48
                0x9d004180       0x20 build/default/production/vectors.o
                0x9d004180                __vector_48

.vector_new_49  0x9d0041a0       0x20
 .vector_new_49
                0x9d0041a0       0x20 build/default/production/vectors.o
                0x9d0041a0                __vector_49

.vector_new_50  0x9d0041c0       0x20
 .vector_new_50
                0x9d0041c0       0x20 build/default/production/vectors.o
                0x9d0041c0                __vector_50

.vector_new_51  0x9d0041e0       0x20
 .vector_new_51
                0x9d0041e0       0x20 build/default/production/vectors.o
                0x9d0041e0                __vector_51

.vector_new_52  0x9d004200       0x20
 .vector_new_52
                0x9d004200       0x20 build/default/production/vectors.o
                0x9d004200                __vector_52

.vector_new_53  0x9d004220       0x20
 .vector_new_53
                0x9d004220       0x20 build/default/production/vectors.o
                0x9d004220                __vector_53

.vector_new_54  0x9d004240       0x20
 .vector_new_54
                0x9d004240       0x20 build/default/production/vectors.o
                0x9d004240                __vector_54

.vector_new_55  0x9d004260       0x20
 .vector_new_55
                0x9d004260       0x20 build/default/production/vectors.o
                0x9d004260                __vector_55

.vector_new_56  0x9d004280       0x20
 .vector_new_56
                0x9d004280       0x20 build/default/production/vectors.o
                0x9d004280                __vector_56

.vector_new_57  0x9d0042a0       0x20
 .vector_new_57
                0x9d0042a0       0x20 build/default/production/vectors.o
                0x9d0042a0                __vector_57

.vector_new_58  0x9d0042c0       0x20
 .vector_new_58
                0x9d0042c0       0x20 build/default/production/vectors.o
                0x9d0042c0                __vector_58

.vector_new_59  0x9d0042e0       0x20
 .vector_new_59
                0x9d0042e0       0x20 build/default/production/vectors.o
                0x9d0042e0                __vector_59

.vector_new_60  0x9d004300       0x20
 .vector_new_60
                0x9d004300       0x20 build/default/production/vectors.o
                0x9d004300                __vector_60

.vector_new_61  0x9d004320       0x20
 .vector_new_61
                0x9d004320       0x20 build/default/production/vectors.o
                0x9d004320                __vector_61

.vector_new_62  0x9d004340       0x20
 .vector_new_62
                0x9d004340       0x20 build/default/production/vectors.o
                0x9d004340                __vector_62

.vector_new_63  0x9d004360       0x14
 .vector_new_63
                0x9d004360       0x14 build/default/production/vectors.o
                0x9d004360                __vector_63

.text           0x00000000        0x0
 .text          0x00000000        0x0 /opt/microchip/xc32/v1.42/bin/bin/../../lib/gcc/pic32mx/4.8.3/../../../../pic32mx/lib/libpic32.a(defaultinterrupt.o)

.text           0x00000000        0x0
 .text          0x00000000        0x0 /opt/microchip/xc32/v1.42/bin/bin/../../lib/gcc/pic32mx/4.8.3/../../../../pic32mx/lib/libpic32.a(default-general-exception-handler.o)

.text           0x00000000        0x0
 .text          0x00000000        0x0 /opt/microchip/xc32/v1.42/bin/bin/../../lib/gcc/pic32mx/4.8.3/../../../../pic32mx/lib/libpic32.a(vector44.o)

.text           0x00000000        0x0
 .text          0x00000000        0x0 /opt/microchip/xc32/v1.42/bin/bin/../../lib/gcc/pic32mx/4.8.3/../../../../pic32mx/lib/libpic32.a(vector43.o)

.text           0x00000000        0x0
 .text          0x00000000        0x0 /opt/microchip/xc32/v1.42/bin/bin/../../lib/gcc/pic32mx/4.8.3/../../../../pic32mx/lib/libpic32.a(vector42.o)

.text           0x00000000        0x0
 .text          0x00000000        0x0 /opt/microchip/xc32/v1.42/bin/bin/../../lib/gcc/pic32mx/4.8.3/../../../../pic32mx/lib/libpic32.a(vector41.o)

.text           0x00000000        0x0
 .text          0x00000000        0x0 /opt/microchip/xc32/v1.42/bin/bin/../../lib/gcc/pic32mx/4.8.3/../../../../pic32mx/lib/libpic32.a(vector40.o)

.text           0x00000000        0x0
 .text          0x00000000        0x0 /opt/microchip/xc32/v1.42/bin/bin/../../lib/gcc/pic32mx/4.8.3/../../../../pic32mx/lib/libpic32.a(vector39.o)

.text           0x00000000        0x0
 .text          0x00000000        0x0 /opt/microchip/xc32/v1.42/bin/bin/../../lib/gcc/pic32mx/4.8.3/../../../../pic32mx/lib/libpic32.a(vector38.o)

.text           0x00000000        0x0
 .text          0x00000000        0x0 /opt/microchip/xc32/v1.42/bin/bin/../../lib/gcc/pic32mx/4.8.3/../../../../pic32mx/lib/libpic32.a(vector37.o)

.text           0x00000000        0x0
 .text          0x00000000        0x0 /opt/microchip/xc32/v1.42/bin/bin/../../lib/gcc/pic32mx/4.8.3/../../../../pic32mx/lib/libpic32.a(vector36.o)

.text           0x00000000        0x0
 .text          0x00000000        0x0 /opt/microchip/xc32/v1.42/bin/bin/../../lib/gcc/pic32mx/4.8.3/../../../../pic32mx/lib/libpic32.a(vector35.o)

.text           0x00000000        0x0
 .text          0x00000000        0x0 /opt/microchip/xc32/v1.42/bin/bin/../../lib/gcc/pic32mx/4.8.3/../../../../pic32mx/lib/libpic32.a(vector34.o)

.text           0x00000000        0x0
 .text          0x00000000        0x0 /opt/microchip/xc32/v1.42/bin/bin/../../lib/gcc/pic32mx/4.8.3/../../../../pic32mx/lib/libpic32.a(vector33.o)

.text           0x00000000        0x0
 .text          0x00000000        0x0 /opt/microchip/xc32/v1.42/bin/bin/../../lib/gcc/pic32mx/4.8.3/../../../../pic32mx/lib/libpic32.a(vector32.o)

.text           0x00000000        0x0
 .text          0x00000000        0x0 /opt/microchip/xc32/v1.42/bin/bin/../../lib/gcc/pic32mx/4.8.3/../../../../pic32mx/lib/libpic32.a(vector31.o)

.text           0x00000000        0x0
 .text          0x00000000        0x0 /opt/microchip/xc32/v1.42/bin/bin/../../lib/gcc/pic32mx/4.8.3/../../../../pic32mx/lib/libpic32.a(vector30.o)

.text           0x00000000        0x0
 .text          0x00000000        0x0 /opt/microchip/xc32/v1.42/bin/bin/../../lib/gcc/pic32mx/4.8.3/../../../../pic32mx/lib/libpic32.a(vector29.o)

.text           0x00000000        0x0
 .text          0x00000000        0x0 /opt/microchip/xc32/v1.42/bin/bin/../../lib/gcc/pic32mx/4.8.3/../../../../pic32mx/lib/libpic32.a(vector28.o)

.text           0x00000000        0x0
 .text          0x00000000        0x0 /opt/microchip/xc32/v1.42/bin/bin/../../lib/gcc/pic32mx/4.8.3/../../../../pic32mx/lib/libpic32.a(vector27.o)

.text           0x00000000        0x0
 .text          0x00000000        0x0 /opt/microchip/xc32/v1.42/bin/bin/../../lib/gcc/pic32mx/4.8.3/../../../../pic32mx/lib/libpic32.a(vector26.o)

.text           0x00000000        0x0
 .text          0x00000000        0x0 /opt/microchip/xc32/v1.42/bin/bin/../../lib/gcc/pic32mx/4.8.3/../../../../pic32mx/lib/libpic32.a(vector25.o)

.text           0x00000000        0x0
 .text          0x00000000        0x0 /opt/microchip/xc32/v1.42/bin/bin/../../lib/gcc/pic32mx/4.8.3/../../../../pic32mx/lib/libpic32.a(vector24.o)

.text           0x00000000        0x0
 .text          0x00000000        0x0 /opt/microchip/xc32/v1.42/bin/bin/../../lib/gcc/pic32mx/4.8.3/../../../../pic32mx/lib/libpic32.a(vector23.o)

.text           0x00000000        0x0
 .text          0x00000000        0x0 /opt/microchip/xc32/v1.42/bin/bin/../../lib/gcc/pic32mx/4.8.3/../../../../pic32mx/lib/libpic32.a(vector22.o)

.text           0x00000000        0x0
 .text          0x00000000        0x0 /opt/microchip/xc32/v1.42/bin/bin/../../lib/gcc/pic32mx/4.8.3/../../../../pic32mx/lib/libpic32.a(vector21.o)

.text           0x00000000        0x0
 .text          0x00000000        0x0 /opt/microchip/xc32/v1.42/bin/bin/../../lib/gcc/pic32mx/4.8.3/../../../../pic32mx/lib/libpic32.a(vector20.o)

.text           0x00000000        0x0
 .text          0x00000000        0x0 /opt/microchip/xc32/v1.42/bin/bin/../../lib/gcc/pic32mx/4.8.3/../../../../pic32mx/lib/libpic32.a(vector19.o)

.text           0x00000000        0x0
 .text          0x00000000        0x0 /opt/microchip/xc32/v1.42/bin/bin/../../lib/gcc/pic32mx/4.8.3/../../../../pic32mx/lib/libpic32.a(vector18.o)

.text           0x00000000        0x0
 .text          0x00000000        0x0 /opt/microchip/xc32/v1.42/bin/bin/../../lib/gcc/pic32mx/4.8.3/../../../../pic32mx/lib/libpic32.a(vector17.o)

.text           0x00000000        0x0
 .text          0x00000000        0x0 /opt/microchip/xc32/v1.42/bin/bin/../../lib/gcc/pic32mx/4.8.3/../../../../pic32mx/lib/libpic32.a(vector16.o)

.text           0x00000000        0x0
 .text          0x00000000        0x0 /opt/microchip/xc32/v1.42/bin/bin/../../lib/gcc/pic32mx/4.8.3/../../../../pic32mx/lib/libpic32.a(vector15.o)

.text           0x00000000        0x0
 .text          0x00000000        0x0 /opt/microchip/xc32/v1.42/bin/bin/../../lib/gcc/pic32mx/4.8.3/../../../../pic32mx/lib/libpic32.a(vector14.o)

.text           0x00000000        0x0
 .text          0x00000000        0x0 /opt/microchip/xc32/v1.42/bin/bin/../../lib/gcc/pic32mx/4.8.3/../../../../pic32mx/lib/libpic32.a(vector13.o)

.text           0x00000000        0x0
 .text          0x00000000        0x0 /opt/microchip/xc32/v1.42/bin/bin/../../lib/gcc/pic32mx/4.8.3/../../../../pic32mx/lib/libpic32.a(vector12.o)

.text           0x00000000        0x0
 .text          0x00000000        0x0 /opt/microchip/xc32/v1.42/bin/bin/../../lib/gcc/pic32mx/4.8.3/../../../../pic32mx/lib/libpic32.a(vector11.o)

.text           0x00000000        0x0
 .text          0x00000000        0x0 /opt/microchip/xc32/v1.42/bin/bin/../../lib/gcc/pic32mx/4.8.3/../../../../pic32mx/lib/libpic32.a(vector10.o)

.text           0x00000000        0x0
 .text          0x00000000        0x0 /opt/microchip/xc32/v1.42/bin/bin/../../lib/gcc/pic32mx/4.8.3/../../../../pic32mx/lib/libpic32.a(vector9.o)

.text           0x00000000        0x0
 .text          0x00000000        0x0 /opt/microchip/xc32/v1.42/bin/bin/../../lib/gcc/pic32mx/4.8.3/../../../../pic32mx/lib/libpic32.a(vector8.o)

.text           0x00000000        0x0
 .text          0x00000000        0x0 /opt/microchip/xc32/v1.42/bin/bin/../../lib/gcc/pic32mx/4.8.3/../../../../pic32mx/lib/libpic32.a(vector7.o)

.text           0x00000000        0x0
 .text          0x00000000        0x0 /opt/microchip/xc32/v1.42/bin/bin/../../lib/gcc/pic32mx/4.8.3/../../../../pic32mx/lib/libpic32.a(vector6.o)
